Component: ARM Compiler 5.06 update 6 (build 750) Tool: armlink [4d35ed]

==============================================================================

Section Cross References

    main.o(i.Enter_Sleep_IO_Setting) refers to main.o(i.PWM_off) for PWM_off
    main.o(i.Enter_Sleep_IO_Setting) refers to bma2x2.o(i.BMA253_stop) for BMA253_stop
    main.o(i.Enter_Sleep_IO_Setting) refers to nrf_log_frontend.o(i.nrf_log_frontend_std_0) for nrf_log_frontend_std_0
    main.o(i.Enter_Sleep_IO_Setting) refers to sdp3x.o(i.SDP3x_Enter_Sleep) for SDP3x_Enter_Sleep
    main.o(i.Enter_Sleep_IO_Setting) refers to app_timer.o(i.app_timer_stop_all) for app_timer_stop_all
    main.o(i.GSensorDatajudgment) refers to nrf_log_frontend.o(i.nrf_log_frontend_std_0) for nrf_log_frontend_std_0
    main.o(i.GSensorDatajudgment) refers to main.o(i.buzzer_on) for buzzer_on
    main.o(i.GSensorDatajudgment) refers to main.o(.data) for .data
    main.o(i.PWM_init) refers to memmovea.o(.text) for __aeabi_memcpy4
    main.o(i.PWM_init) refers to app_pwm.o(i.app_pwm_init) for app_pwm_init
    main.o(i.PWM_init) refers to app_error.o(i.app_error_handler_bare) for app_error_handler_bare
    main.o(i.PWM_init) refers to main.o(.constdata) for .constdata
    main.o(i.PWM_init) refers to main.o(i.pwm_ready_callback) for pwm_ready_callback
    main.o(i.PWM_off) refers to app_pwm.o(i.app_pwm_disable) for app_pwm_disable
    main.o(i.PWM_off) refers to nrf_log_frontend.o(i.nrf_log_frontend_std_0) for nrf_log_frontend_std_0
    main.o(i.PWM_off) refers to main.o(.constdata) for .constdata
    main.o(i.PWM_on) refers to bsp.o(i.bsp_button_is_pressed) for bsp_button_is_pressed
    main.o(i.PWM_on) refers to app_pwm.o(i.app_pwm_enable) for app_pwm_enable
    main.o(i.PWM_on) refers to nrf_log_frontend.o(i.nrf_log_frontend_std_0) for nrf_log_frontend_std_0
    main.o(i.PWM_on) refers to app_timer.o(i.app_timer_stop) for app_timer_stop
    main.o(i.PWM_on) refers to app_error.o(i.app_error_handler_bare) for app_error_handler_bare
    main.o(i.PWM_on) refers to app_pwm.o(i.app_pwm_channel_duty_set) for app_pwm_channel_duty_set
    main.o(i.PWM_on) refers to app_pwm.o(i.app_pwm_disable) for app_pwm_disable
    main.o(i.PWM_on) refers to main.o(.data) for .data
    main.o(i.PWM_on) refers to main.o(.constdata) for .constdata
    main.o(i.advertising_start) refers to ble_advertising.o(i.ble_advertising_start) for ble_advertising_start
    main.o(i.advertising_start) refers to app_error.o(i.app_error_handler_bare) for app_error_handler_bare
    main.o(i.appRTCInit) refers to nrf_drv_rtc.o(i.nrf_drv_rtc_init) for nrf_drv_rtc_init
    main.o(i.appRTCInit) refers to app_error.o(i.app_error_handler_bare) for app_error_handler_bare
    main.o(i.appRTCInit) refers to nrf_drv_rtc.o(i.nrf_drv_rtc_enable) for nrf_drv_rtc_enable
    main.o(i.appRTCInit) refers to main.o(.constdata) for .constdata
    main.o(i.appRTCInit) refers to main.o(i.appRTCHandler) for appRTCHandler
    main.o(i.assert_nrf_callback) refers to app_error.o(i.app_error_handler) for app_error_handler
    main.o(i.battery_level_meas_timeout_handler) refers to m_batt_meas.o(i.battery_level_read) for battery_level_read
    main.o(i.battery_level_meas_timeout_handler) refers to ble_bas.o(i.ble_bas_battery_level_update) for ble_bas_battery_level_update
    main.o(i.battery_level_meas_timeout_handler) refers to app_error.o(i.app_error_handler_bare) for app_error_handler_bare
    main.o(i.battery_level_meas_timeout_handler) refers to main.o(.bss) for .bss
    main.o(i.ble_dfu_evt_handler) refers to nrf_log_frontend.o(i.nrf_log_frontend_std_0) for nrf_log_frontend_std_0
    main.o(i.ble_evt_dispatch) refers to ble_conn_state.o(i.ble_conn_state_on_ble_evt) for ble_conn_state_on_ble_evt
    main.o(i.ble_evt_dispatch) refers to peer_manager.o(i.pm_on_ble_evt) for pm_on_ble_evt
    main.o(i.ble_evt_dispatch) refers to ble_hrs.o(i.ble_hrs_on_ble_evt) for ble_hrs_on_ble_evt
    main.o(i.ble_evt_dispatch) refers to ble_bas.o(i.ble_bas_on_ble_evt) for ble_bas_on_ble_evt
    main.o(i.ble_evt_dispatch) refers to ble_conn_params.o(i.ble_conn_params_on_ble_evt) for ble_conn_params_on_ble_evt
    main.o(i.ble_evt_dispatch) refers to bsp_btn_ble.o(i.bsp_btn_ble_on_ble_evt) for bsp_btn_ble_on_ble_evt
    main.o(i.ble_evt_dispatch) refers to main.o(i.on_ble_evt) for on_ble_evt
    main.o(i.ble_evt_dispatch) refers to ble_advertising.o(i.ble_advertising_on_ble_evt) for ble_advertising_on_ble_evt
    main.o(i.ble_evt_dispatch) refers to ble_dfu.o(i.ble_dfu_on_ble_evt) for ble_dfu_on_ble_evt
    main.o(i.ble_evt_dispatch) refers to nrf_ble_gatt.o(i.nrf_ble_gatt_on_ble_evt) for nrf_ble_gatt_on_ble_evt
    main.o(i.ble_evt_dispatch) refers to main.o(.bss) for .bss
    main.o(i.ble_stack_init) refers to softdevice_handler.o(i.softdevice_handler_init) for softdevice_handler_init
    main.o(i.ble_stack_init) refers to app_error.o(i.app_error_handler_bare) for app_error_handler_bare
[...]
    pds_peer_data_iterate                    0x00023315   Thumb Code    80  peer_data_storage.o(i.pds_peer_data_iterate)
    pds_peer_data_iterate_prepare            0x00023369   Thumb Code    10  peer_data_storage.o(i.pds_peer_data_iterate_prepare)
    pds_peer_data_read                       0x00023379   Thumb Code   112  peer_data_storage.o(i.pds_peer_data_read)
    pds_peer_data_store                      0x000233e9   Thumb Code   174  peer_data_storage.o(i.pds_peer_data_store)
    pds_peer_id_allocate                     0x00023499   Thumb Code    10  peer_data_storage.o(i.pds_peer_id_allocate)
    pds_peer_id_free                         0x000234a9   Thumb Code    22  peer_data_storage.o(i.pds_peer_id_free)
    pds_peer_id_is_allocated                 0x000234bf   Thumb Code     8  peer_data_storage.o(i.pds_peer_id_is_allocated)
    pds_space_reserve                        0x000234c7   Thumb Code    48  peer_data_storage.o(i.pds_space_reserve)
    pds_space_reserve_cancel                 0x000234f7   Thumb Code    16  peer_data_storage.o(i.pds_space_reserve_cancel)
    peer_id_allocate                         0x000235f5   Thumb Code    10  peer_id.o(i.peer_id_allocate)
    peer_id_delete                           0x00023605   Thumb Code    30  peer_id.o(i.peer_id_delete)
    peer_id_free                             0x0002362d   Thumb Code    22  peer_id.o(i.peer_id_free)
    peer_id_get_next_deleted                 0x00023649   Thumb Code    10  peer_id.o(i.peer_id_get_next_deleted)
    peer_id_get_next_used                    0x00023659   Thumb Code    42  peer_id.o(i.peer_id_get_next_used)
    peer_id_init                             0x0002368d   Thumb Code    34  peer_id.o(i.peer_id_init)
    peer_id_is_allocated                     0x000236b5   Thumb Code    20  peer_id.o(i.peer_id_is_allocated)
    peer_id_is_deleted                       0x000236cd   Thumb Code    20  peer_id.o(i.peer_id_is_deleted)
    pm_buffer_block_acquire                  0x000237c5   Thumb Code    94  pm_buffer.o(i.pm_buffer_block_acquire)
    pm_buffer_init                           0x00023823   Thumb Code    66  pm_buffer.o(i.pm_buffer_init)
    pm_buffer_ptr_get                        0x00023865   Thumb Code    46  pm_buffer.o(i.pm_buffer_ptr_get)
    pm_buffer_release                        0x00023893   Thumb Code    42  pm_buffer.o(i.pm_buffer_release)
    pm_conn_sec_config_reply                 0x000238bd   Thumb Code     8  peer_manager.o(i.pm_conn_sec_config_reply)
    pm_gcm_evt_handler                       0x00023975   Thumb Code   128  peer_manager.o(i.pm_gcm_evt_handler)
    pm_im_evt_handler                        0x000239f5   Thumb Code    74  peer_manager.o(i.pm_im_evt_handler)
    pm_init                                  0x00023a45   Thumb Code   108  peer_manager.o(i.pm_init)
    pm_local_database_has_changed            0x00023ab5   Thumb Code    16  peer_manager.o(i.pm_local_database_has_changed)
    pm_mutex_init                            0x00023ac9   Thumb Code    16  pm_mutex.o(i.pm_mutex_init)
    pm_mutex_lock                            0x00023ad9   Thumb Code    28  pm_mutex.o(i.pm_mutex_lock)
    pm_mutex_lock_first_available            0x00023af5   Thumb Code    52  pm_mutex.o(i.pm_mutex_lock_first_available)
    pm_mutex_lock_status_get                 0x00023b29   Thumb Code    24  pm_mutex.o(i.pm_mutex_lock_status_get)
    pm_mutex_unlock                          0x00023b41   Thumb Code    54  pm_mutex.o(i.pm_mutex_unlock)
    pm_on_ble_evt                            0x00023b79   Thumb Code    32  peer_manager.o(i.pm_on_ble_evt)
    pm_pdb_evt_handler                       0x00023b9d   Thumb Code   306  peer_manager.o(i.pm_pdb_evt_handler)
    pm_peer_delete                           0x00023cd9   Thumb Code    20  peer_manager.o(i.pm_peer_delete)
    pm_peers_delete                          0x00023cf1   Thumb Code    52  peer_manager.o(i.pm_peers_delete)
    pm_register                              0x00023d2d   Thumb Code    38  peer_manager.o(i.pm_register)
    pm_sec_params_set                        0x00023d5d   Thumb Code    20  peer_manager.o(i.pm_sec_params_set)
    pm_sm_evt_handler                        0x00023d75   Thumb Code   324  peer_manager.o(i.pm_sm_evt_handler)
    pwm_ready_callback                       0x00023fa3   Thumb Code     2  main.o(i.pwm_ready_callback)
    pwm_ready_tick                           0x00023fa5   Thumb Code    78  app_pwm.o(i.pwm_ready_tick)
    sdk_mapped_flags_bulk_update_by_key      0x000248e1   Thumb Code    70  sdk_mapped_flags.o(i.sdk_mapped_flags_bulk_update_by_key)
    sdk_mapped_flags_first_key_index_get     0x00024929   Thumb Code    34  sdk_mapped_flags.o(i.sdk_mapped_flags_first_key_index_get)
    sdk_mapped_flags_get_by_key              0x00024961   Thumb Code    38  sdk_mapped_flags.o(i.sdk_mapped_flags_get_by_key)
    sdk_mapped_flags_key_list_get            0x00024987   Thumb Code    70  sdk_mapped_flags.o(i.sdk_mapped_flags_key_list_get)
    sdk_mapped_flags_update_by_key           0x000249cd   Thumb Code    14  sdk_mapped_flags.o(i.sdk_mapped_flags_update_by_key)
    sm_ble_evt_handler                       0x00024ff1   Thumb Code    16  security_manager.o(i.sm_ble_evt_handler)
    sm_conn_sec_config_reply                 0x00025005   Thumb Code    24  security_manager.o(i.sm_conn_sec_config_reply)
    sm_init                                  0x00025021   Thumb Code    76  security_manager.o(i.sm_init)
    sm_pdb_evt_handler                       0x00025071   Thumb Code    48  security_manager.o(i.sm_pdb_evt_handler)
    sm_sec_params_set                        0x000250a5   Thumb Code    44  security_manager.o(i.sm_sec_params_set)
    sm_smd_evt_handler                       0x000250d5   Thumb Code   118  security_manager.o(i.sm_smd_evt_handler)
    smd_ble_evt_handler                      0x00025151   Thumb Code   214  security_dispatcher.o(i.smd_ble_evt_handler)
    smd_init                                 0x00025235   Thumb Code    56  security_dispatcher.o(i.smd_init)
    smd_link_secure                          0x00025271   Thumb Code    44  security_dispatcher.o(i.smd_link_secure)
    smd_params_reply                         0x000252a1   Thumb Code   260  security_dispatcher.o(i.smd_params_reply)
    smd_pdb_evt_handler                      0x00025439   Thumb Code    46  security_dispatcher.o(i.smd_pdb_evt_handler)
    softdevice_ble_evt_handler_set           0x0002546d   Thumb Code    16  softdevice_handler.o(i.softdevice_ble_evt_handler_set)
    softdevice_enable                        0x00025481   Thumb Code    62  softdevice_handler.o(i.softdevice_enable)
    softdevice_enable_get_default_config     0x00025525   Thumb Code    40  softdevice_handler.o(i.softdevice_enable_get_default_config)
    softdevice_fault_handler                 0x0002554d   Thumb Code     8  softdevice_handler.o(i.softdevice_fault_handler)
    softdevice_handler_init                  0x00025555   Thumb Code    74  softdevice_handler.o(i.softdevice_handler_init)
    softdevice_handler_is_enabled            0x000255ad   Thumb Code     6  softdevice_handler.o(i.softdevice_handler_is_enabled)
    softdevice_sys_evt_handler_set           0x000255b9   Thumb Code    16  softdevice_handler.o(i.softdevice_sys_evt_handler_set)
    spi_flash_init                           0x000255cd   Thumb Code    74  main.o(i.spi_flash_init)
    twi_master_init                          0x00025a25   Thumb Code    62  twi_hw_master.o(i.twi_master_init)
    twi_master_transfer                      0x00025b41   Thumb Code    58  twi_hw_master.o(i.twi_master_transfer)
    w25x40_Init                              0x00025db5   Thumb Code    20  w25x40.o(i.w25x40_Init)
    w25x40_ReadId                            0x00025dcd   Thumb Code    54  w25x40.o(i.w25x40_ReadId)
    m_pwm_PWM1_timer                         0x0002619c   Data           8  main.o(.constdata)
    PWM1                                     0x000261c4   Data           8  main.o(.constdata)
    rtc                                      0x000261cc   Data           8  main.o(.constdata)
    __ctype_table                            0x00026414   Data         129  ctype_o.o(.constdata)
    Region$$Table$$Base                      0x0002657c   Number         0  anon$$obj.o(Region$$Table)
    Region$$Table$$Limit                     0x0002659c   Number         0  anon$$obj.o(Region$$Table)
    m_dfu_settings_buffer                    0x0003fc00   Data        1024  nrf_dfu_settings.o(.ARM.__AT_0x0003FC00)
    Image$$RW_IRAM1$$Base                    0x20001fe8   Number         0  anon$$obj.o ABSOLUTE
    m_adv_mode                               0x20001fe8   Data           1  main.o(.data)
    m_buzzer_count_expect                    0x20001feb   Data           1  main.o(.data)
    m_LED_Color                              0x20001fec   Data           1  main.o(.data)
    m_spi_master_0                           0x20002008   Data           8  main.o(.data)
    data_test                                0x20002010   Data          16  main.o(.data)
    p_m_dfu                                  0x20002144   Data           4  ble_dfu.o(.data)
    nrf_nvic_state                           0x20002190   Data           8  app_util_platform.o(.data)
    m_pwm_ready_counter                      0x200021c7   Data           6  app_pwm.o(.data)
    SystemCoreClock                          0x200021f8   Data           4  system_nrf51.o(.data)
    fs_data$$Base                            0x200021fc   Number         0  fds.o(fs_data)
    fs_data$$Limit                           0x2000221c   Number         0  nrf_dfu_flash_greenlung.o(fs_data)
    m_pwm_PWM1_cb                            0x20002494   Data          36  main.o(.bss)
    _SEGGER_RTT                              0x200033e4   Data         120  segger_rtt.o(.bss)
    s_dfu_settings                           0x200035b8   Data         348  nrf_dfu_settings.o(.bss)
    __initial_sp                             0x20003f18   Data           0  arm_startup_nrf51.o(STACK)



==============================================================================

Memory Map of the image

  Image Entry point : 0x0001b0c1

  Load Region LR_IROM1 (Base: 0x0001b000, Size: 0x0000b7d0, Max: 0x0001fc00, ABSOLUTE, COMPRESSED[0x0000b600])

    Execution Region ER_IROM1 (Exec base: 0x0001b000, Load base: 0x0001b000, Size: 0x0000b59c, Max: 0x0001fc00, ABSOLUTE)

    Exec Addr    Load Addr    Size         Type   Attr      Idx    E Section Name        Object

    0x0001b000   0x0001b000   0x000000c0   Data   RO         6047    RESET               arm_startup_nrf51.o
    0x0001b0c0   0x0001b0c0   0x00000000   Code   RO         6089  * .ARM.Collect$$$$00000000  mc_p.l(entry.o)
    0x0001b0c0   0x0001b0c0   0x00000004   Code   RO         6419    .ARM.Collect$$$$00000001  mc_p.l(entry2.o)
    0x0001b0c4   0x0001b0c4   0x00000004   Code   RO         6422    .ARM.Collect$$$$00000004  mc_p.l(entry5.o)
    0x0001b0c8   0x0001b0c8   0x00000000   Code   RO         6424    .ARM.Collect$$$$00000008  mc_p.l(entry7b.o)
    0x0001b0c8   0x0001b0c8   0x00000000   Code   RO         6426    .ARM.Collect$$$$0000000A  mc_p.l(entry8b.o)
    0x0001b0c8   0x0001b0c8   0x00000008   Code   RO         6427    .ARM.Collect$$$$0000000B  mc_p.l(entry9a.o)
    0x0001b0d0   0x0001b0d0   0x00000000   Code   RO         6429    .ARM.Collect$$$$0000000D  mc_p.l(entry10a.o)
    0x0001b0d0   0x0001b0d0   0x00000000   Code   RO         6431    .ARM.Collect$$$$0000000F  mc_p.l(entry11a.o)
    0x0001b0d0   0x0001b0d0   0x00000004   Code   RO         6420    .ARM.Collect$$$$00002712  mc_p.l(entry2.o)
    0x0001b0d4   0x0001b0d4   0x00000038   Code   RO         6048    .text               arm_startup_nrf51.o
    0x0001b10c   0x0001b10c   0x0000002c   Code   RO         6092    .text               mc_p.l(uidiv.o)
    0x0001b138   0x0001b138   0x00000008   Code   RO         6096    .text               mc_p.l(ctype_o.o)
    0x0001b140   0x0001b140   0x00000040   Code   RO         6126    .text               mc_p.l(memmovea.o)
    0x0001b180   0x0001b180   0x00000024   Code   RO         6128    .text               mc_p.l(memseta.o)
    0x0001b1a4   0x0001b1a4   0x0000000e   Code   RO         6130    .text               mc_p.l(strlen.o)
    0x0001b1b2   0x0001b1b2   0x0000001a   Code   RO         6132    .text               mc_p.l(memcmp.o)
    0x0001b1cc   0x0001b1cc   0x00000012   Code   RO         6134    .text               mc_p.l(strcpy.o)
    0x0001b1de   0x0001b1de   0x000000b2   Code   RO         6401    .text               mf_p.l(fadd.o)
    0x0001b290   0x0001b290   0x0000007a   Code   RO         6403    .text               mf_p.l(fmul.o)
    0x0001b30a   0x0001b30a   0x00000018   Code   RO         6405    .text               mf_p.l(fscalb.o)
    0x0001b322   0x0001b322   0x0000000e   Code   RO         6411    .text               mf_p.l(ffltui.o)
    0x0001b330   0x0001b330   0x00000028   Code   RO         6415    .text               mf_p.l(ffixui.o)
    0x0001b358   0x0001b358   0x00000060   Code   RO         6436    .text               mc_p.l(uldiv.o)
    0x0001b3b8   0x0001b3b8   0x00000022   Code   RO         6438    .text               mc_p.l(llushr.o)
    0x0001b3da   0x0001b3da   0x00000000   Code   RO         6440    .text               mc_p.l(iusefp.o)
    0x0001b3da   0x0001b3da   0x00000082   Code   RO         6441    .text               mf_p.l(fepilogue.o)
    0x0001b45c   0x0001b45c   0x00000024   Code   RO         6455    .text               mc_p.l(init.o)
    0x0001b480   0x0001b480   0x00000020   Code   RO         6458    .text               mc_p.l(llshl.o)
    0x0001b4a0   0x0001b4a0   0x00000056   Code   RO         6471    .text               mc_p.l(__dczerorl2.o)
    0x0001b4f6   0x0001b4f6   0x00000002   PAD
    0x0001b4f8   0x0001b4f8   0x00000060   Code   RO         5764    i.BMA253_init       bma2x2.o
    0x0001b558   0x0001b558   0x00000034   Code   RO         5765    i.BMA253_register_read  bma2x2.o
    0x0001b58c   0x0001b58c   0x0000001c   Code   RO         5766    i.BMA253_register_write  bma2x2.o
    0x0001b5a8   0x0001b5a8   0x0000000c   Code   RO         5767    i.BMA253_stop       bma2x2.o
    0x0001b5b4   0x0001b5b4   0x00000050   Code   RO         5768    i.BMA253_verify_product_id  bma2x2.o
    0x0001b604   0x0001b604   0x00000074   Code   RO            3    i.Enter_Sleep_IO_Setting  main.o
    0x0001b678   0x0001b678   0x00000178   Code   RO         3253    i.GPIOTE_IRQHandler  nrf_drv_gpiote.o
    0x0001b7f0   0x0001b7f0   0x00000138   Code   RO            4    i.GSensorDatajudgment  main.o
    0x0001b928   0x0001b928   0x00000044   Code   RO         4100    i.NVIC_SetPriority  app_timer.o
    0x0001b96c   0x0001b96c   0x00000054   Code   RO         3053    i.POWER_CLOCK_IRQHandler  nrf_drv_clock.o
    0x0001b9c0   0x0001b9c0   0x00000034   Code   RO            5    i.PWM_init          main.o
    0x0001b9f4   0x0001b9f4   0x00000038   Code   RO            6    i.PWM_off           main.o
    0x0001ba2c   0x0001ba2c   0x00000074   Code   RO            7    i.PWM_on            main.o
    0x0001baa0   0x0001baa0   0x00000014   Code   RO         3881    i.RTC0_IRQHandler   nrf_drv_rtc.o
    0x0001bab4   0x0001bab4   0x00000020   Code   RO         4101    i.RTC1_IRQHandler   app_timer.o
    0x0001bad4   0x0001bad4   0x00000028   Code   RO         5701    i.SDP3x_Enter_Sleep  sdp3x.o
    0x0001bafc   0x0001bafc   0x00000098   Code   RO         5702    i.SDP3x_data_read   sdp3x.o
    0x0001bb94   0x0001bb94   0x00000024   Code   RO         5703    i.SDP3x_init        sdp3x.o
    0x0001bbb8   0x0001bbb8   0x00000068   Code   RO         5704    i.SDP3x_register_read  sdp3x.o
    0x0001bc20   0x0001bc20   0x00000020   Code   RO         5705    i.SDP3x_register_write  sdp3x.o
    0x0001bc40   0x0001bc40   0x00000078   Code   RO         5706    i.SDP3x_verify_product_id  sdp3x.o
    0x0001bcb8   0x0001bcb8   0x00000014   Code   RO         5301    i.SEGGER_RTT_Init   segger_rtt.o
    0x0001bccc   0x0001bccc   0x0000005c   Code   RO         5310    i.SEGGER_RTT_WriteNoLock  segger_rtt.o
    0x0001bd28   0x0001bd28   0x00000040   Code   RO         3804    i.SPI0_TWI0_IRQHandler  nrf_drv_spi.o
    0x0001bd68   0x0001bd68   0x00000008   Code   RO         4102    i.SWI0_IRQHandler   app_timer.o
    0x0001bd70   0x0001bd70   0x00000020   Code   RO         5446    i.SWI2_IRQHandler   softdevice_handler.o
    0x0001bd90   0x0001bd90   0x000000a0   Code   RO         6055    i.SystemInit        system_nrf51.o
    0x0001be30   0x0001be30   0x00000018   Code   RO         3531    i.TIMER0_IRQHandler  nrf_drv_timer.o
    0x0001be48   0x0001be48   0x00000018   Code   RO         3532    i.TIMER1_IRQHandler  nrf_drv_timer.o
    0x0001be60   0x0001be60   0x0000006c   Code   RO         5313    i._DoInit           segger_rtt.o
    0x0001becc   0x0001becc   0x00000016   Code   RO         5314    i._GetAvailWriteSpace  segger_rtt.o
    0x0001bee2   0x0001bee2   0x00000060   Code   RO         5316    i._WriteBlocking    segger_rtt.o
    0x0001bf42   0x0001bf42   0x0000003c   Code   RO         5317    i._WriteNoCheck     segger_rtt.o
    0x0001bf7e   0x0001bf7e   0x00000002   PAD
    0x0001bf80   0x0001bf80   0x00000034   Code   RO         6348    i.__0snprintf$8     mc_p.l(printf8.o)
    0x0001bfb4   0x0001bfb4   0x0000001a   Code   RO          230    i.__ARM_common_switch8  main.o
    0x0001bfce   0x0001bfce   0x0000000e   Code   RO         6465    i.__scatterload_copy  mc_p.l(handlers.o)
    0x0001bfdc   0x0001bfdc   0x00000002   Code   RO         6466    i.__scatterload_null  mc_p.l(handlers.o)
    0x0001bfde   0x0001bfde   0x0000000e   Code   RO         6467    i.__scatterload_zeroinit  mc_p.l(handlers.o)
    0x0001bfec   0x0001bfec   0x0000001c   Code   RO         5447    i.__sd_nvic_app_accessible_irq  softdevice_handler.o
    0x0001c008   0x0001c008   0x00000428   Code   RO         6354    i._printf_core      mc_p.l(printf8.o)
    0x0001c430   0x0001c430   0x00000020   Code   RO         6355    i._printf_post_padding  mc_p.l(printf8.o)
    0x0001c450   0x0001c450   0x0000002c   Code   RO         6356    i._printf_pre_padding  mc_p.l(printf8.o)
    0x0001c47c   0x0001c47c   0x00000016   Code   RO         6357    i._snputc           mc_p.l(printf8.o)
    0x0001c492   0x0001c492   0x00000028   Code   RO         1571    i.addr_compare      id_manager.o
    0x0001c4ba   0x0001c4ba   0x0000018e   Code   RO          980    i.adv_data_encode   ble_advdata.o
    0x0001c648   0x0001c648   0x00000068   Code   RO         1056    i.adv_mode_next_avail_get  ble_advertising.o
    0x0001c6b0   0x0001c6b0   0x0000003c   Code   RO          900    i.advertising_buttons_configure  bsp_btn_ble.o
    0x0001c6ec   0x0001c6ec   0x00000012   Code   RO            8    i.advertising_start  main.o
    0x0001c6fe   0x0001c6fe   0x0000004e   Code   RO         1573    i.ah                id_manager.o
    0x0001c74c   0x0001c74c   0x0000000a   Code   RO          792    i.alert_timer_handler  bsp.o
    0x0001c756   0x0001c756   0x00000002   PAD
    0x0001c758   0x0001c758   0x00000024   Code   RO         3984    i.app_button_enable  app_button.o
    0x0001c77c   0x0001c77c   0x00000074   Code   RO         3985    i.app_button_init   app_button.o
    0x0001c7f0   0x0001c7f0   0x00000048   Code   RO         4080    i.app_error_fault_handler  app_error_weak.o
    0x0001c838   0x0001c838   0x00000018   Code   RO         4042    i.app_error_handler_bare  app_error.o
    0x0001c850   0x0001c850   0x0000003c   Code   RO         4922    i.app_pwm_busy_check  app_pwm.o
    0x0001c88c   0x0001c88c   0x00000020   Code   RO         4924    i.app_pwm_channel_duty_set  app_pwm.o
    0x0001c8ac   0x0001c8ac   0x000000b0   Code   RO         4926    i.app_pwm_channel_duty_ticks_set  app_pwm.o
    0x0001c95c   0x0001c95c   0x000000e4   Code   RO         4927    i.app_pwm_channel_init  app_pwm.o
    0x0001ca40   0x0001ca40   0x00000088   Code   RO         4929    i.app_pwm_disable   app_pwm.o
    0x0001cac8   0x0001cac8   0x00000078   Code   RO         4930    i.app_pwm_enable    app_pwm.o
    0x0001cb40   0x0001cb40   0x00000180   Code   RO         4931    i.app_pwm_init      app_pwm.o
    0x0001ccc0   0x0001ccc0   0x0000003c   Code   RO         4851    i.app_sched_execute  app_scheduler.o
    0x0001ccfc   0x0001ccfc   0x00000030   Code   RO         4105    i.app_timer_create  app_timer.o
    0x0001cd2c   0x0001cd2c   0x00000074   Code   RO         4106    i.app_timer_init    app_timer.o
    0x0001cda0   0x0001cda0   0x00000088   Code   RO         4107    i.app_timer_start   app_timer.o
    0x0001ce28   0x0001ce28   0x00000028   Code   RO         4108    i.app_timer_stop    app_timer.o
    0x0001ce50   0x0001ce50   0x0000001c   Code   RO         4109    i.app_timer_stop_all  app_timer.o
    0x0001ce6c   0x0001ce6c   0x0000003c   Code   RO         4242    i.app_util_critical_region_enter  app_util_platform.o
    0x0001cea8   0x0001cea8   0x0000002c   Code   RO         4243    i.app_util_critical_region_exit  app_util_platform.o
    0x0001ced4   0x0001ced4   0x0000000c   Code   RO         3654    i.are_app_channels  nrf_drv_ppi.o
    0x0001cee0   0x0001cee0   0x000000a0   Code   RO         2588    i.auth_status_success_process  security_dispatcher.o
    0x0001cf80   0x0001cf80   0x00000138   Code   RO         2821    i.battery_level_char_add  ble_bas.o
    0x0001d0b8   0x0001d0b8   0x00000034   Code   RO           12    i.battery_level_meas_timeout_handler  main.o
    0x0001d0ec   0x0001d0ec   0x00000064   Code   RO          554    i.battery_level_read  m_batt_meas.o
    0x0001d150   0x0001d150   0x00000068   Code   RO          981    i.ble_advdata_set   ble_advdata.o
    0x0001d1b8   0x0001d1b8   0x0000015c   Code   RO         1057    i.ble_advertising_init  ble_advertising.o
    0x0001d314   0x0001d314   0x00000058   Code   RO         1058    i.ble_advertising_on_ble_evt  ble_advertising.o
    0x0001d36c   0x0001d36c   0x00000030   Code   RO         1059    i.ble_advertising_on_sys_evt  ble_advertising.o
    0x0001d39c   0x0001d39c   0x0000003c   Code   RO         1061    i.ble_advertising_restart_without_whitelist  ble_advertising.o
    0x0001d3d8   0x0001d3d8   0x00000108   Code   RO         1062    i.ble_advertising_start  ble_advertising.o
    0x0001d4e0   0x0001d4e0   0x00000074   Code   RO         2822    i.ble_bas_battery_level_update  ble_bas.o
    0x0001d554   0x0001d554   0x00000048   Code   RO         2823    i.ble_bas_init      ble_bas.o
    0x0001d59c   0x0001d59c   0x00000060   Code   RO         2824    i.ble_bas_on_ble_evt  ble_bas.o
    0x0001d5fc   0x0001d5fc   0x00000054   Code   RO         1141    i.ble_conn_params_init  ble_conn_params.o
    0x0001d650   0x0001d650   0x00000090   Code   RO         1142    i.ble_conn_params_on_ble_evt  ble_conn_params.o
    0x0001d6e0   0x0001d6e0   0x00000014   Code   RO         1207    i.ble_conn_state_conn_handles  ble_conn_state.o
    0x0001d6f4   0x0001d6f4   0x00000014   Code   RO         1208    i.ble_conn_state_encrypted  ble_conn_state.o
    0x0001d708   0x0001d708   0x00000014   Code   RO         1210    i.ble_conn_state_mitm_protected  ble_conn_state.o
    0x0001d71c   0x0001d71c   0x000000f8   Code   RO         1214    i.ble_conn_state_on_ble_evt  ble_conn_state.o
    0x0001d814   0x0001d814   0x00000034   Code   RO         1216    i.ble_conn_state_role  ble_conn_state.o
    0x0001d848   0x0001d848   0x00000030   Code   RO         1218    i.ble_conn_state_user_flag_acquire  ble_conn_state.o
    0x0001d878   0x0001d878   0x00000018   Code   RO         1219    i.ble_conn_state_user_flag_collection  ble_conn_state.o
    0x0001d890   0x0001d890   0x00000024   Code   RO         1220    i.ble_conn_state_user_flag_get  ble_conn_state.o
    0x0001d8b4   0x0001d8b4   0x00000028   Code   RO         1221    i.ble_conn_state_user_flag_set  ble_conn_state.o
    0x0001d8dc   0x0001d8dc   0x0000005e   Code   RO          982    i.ble_device_addr_encode  ble_advdata.o
    0x0001d93a   0x0001d93a   0x00000002   PAD
    0x0001d93c   0x0001d93c   0x000000e0   Code   RO           13    i.ble_dfu_evt_handler  main.o
    0x0001da1c   0x0001da1c   0x00000078   Code   RO         2991    i.ble_dfu_init      ble_dfu.o
    0x0001da94   0x0001da94   0x000000b4   Code   RO         2992    i.ble_dfu_on_ble_evt  ble_dfu.o
    0x0001db48   0x0001db48   0x00000140   Code   RO         2858    i.ble_dis_init      ble_dis.o
    0x0001dc88   0x0001dc88   0x00000054   Code   RO           14    i.ble_evt_dispatch  main.o
    0x0001dcdc   0x0001dcdc   0x0000003c   Code   RO         2896    i.ble_hrs_connected_measurement_send  ble_hrs.o
    0x0001dd18   0x0001dd18   0x00000084   Code   RO         2897    i.ble_hrs_heart_rate_measurement_send  ble_hrs.o
    0x0001dd9c   0x0001dd9c   0x00000060   Code   RO         2898    i.ble_hrs_init      ble_hrs.o
    0x0001ddfc   0x0001ddfc   0x00000052   Code   RO         2899    i.ble_hrs_on_ble_evt  ble_hrs.o
    0x0001de4e   0x0001de4e   0x00000012   Code   RO         2900    i.ble_hrs_on_gatt_evt  ble_hrs.o
    0x0001de60   0x0001de60   0x00000006   Code   RO         2903    i.ble_hrs_sensor_contact_detected_update  ble_hrs.o
    0x0001de66   0x0001de66   0x00000012   Code   RO         1334    i.ble_srv_ascii_to_utf8  ble_srv_common.o
    0x0001de78   0x0001de78   0x0000000e   Code   RO         1336    i.ble_srv_is_notification_enabled  ble_srv_common.o
    0x0001de86   0x0001de86   0x0000000c   Code   RO         1337    i.ble_srv_report_ref_encode  ble_srv_common.o
    0x0001de92   0x0001de92   0x00000002   PAD
    0x0001de94   0x0001de94   0x00000070   Code   RO           15    i.ble_stack_init    main.o
    0x0001df04   0x0001df04   0x00000088   Code   RO         2905    i.body_sensor_location_char_add  ble_hrs.o
    0x0001df8c   0x0001df8c   0x0000000c   Code   RO          612    i.bsp_board_button_idx_to_pin  boards.o
    0x0001df98   0x0001df98   0x00000020   Code   RO          613    i.bsp_board_button_state_get  boards.o
    0x0001dfb8   0x0001dfb8   0x00000014   Code   RO          615    i.bsp_board_inios_init  boards.o
    0x0001dfcc   0x0001dfcc   0x00000010   Code   RO          617    i.bsp_board_led_invert  boards.o
    0x0001dfdc   0x0001dfdc   0x00000014   Code   RO          618    i.bsp_board_led_off  boards.o
    0x0001dff0   0x0001dff0   0x00000014   Code   RO          619    i.bsp_board_led_on  boards.o
    0x0001e004   0x0001e004   0x00000020   Code   RO          620    i.bsp_board_led_state_get  boards.o
    0x0001e024   0x0001e024   0x0000001c   Code   RO          621    i.bsp_board_leds_init  boards.o
    0x0001e040   0x0001e040   0x00000012   Code   RO          622    i.bsp_board_leds_off  boards.o
    0x0001e052   0x0001e052   0x00000012   Code   RO          623    i.bsp_board_leds_on  boards.o
    0x0001e064   0x0001e064   0x00000014   Code   RO          626    i.bsp_board_outio_off  boards.o
    0x0001e078   0x0001e078   0x0000001c   Code   RO          629    i.bsp_board_outios_init  boards.o
    0x0001e094   0x0001e094   0x00000012   Code   RO          630    i.bsp_board_outios_off  boards.o
    0x0001e0a6   0x0001e0a6   0x00000002   PAD
    0x0001e0a8   0x0001e0a8   0x00000024   Code   RO          632    i.bsp_board_pin_to_button_idx  boards.o
    0x0001e0cc   0x0001e0cc   0x00000040   Code   RO          901    i.bsp_btn_ble_init  bsp_btn_ble.o
    0x0001e10c   0x0001e10c   0x00000078   Code   RO          902    i.bsp_btn_ble_on_ble_evt  bsp_btn_ble.o
    0x0001e184   0x0001e184   0x00000022   Code   RO          903    i.bsp_btn_ble_sleep_mode_prepare  bsp_btn_ble.o
    0x0001e1a6   0x0001e1a6   0x00000002   PAD
    0x0001e1a8   0x0001e1a8   0x00000094   Code   RO          793    i.bsp_button_event_handler  bsp.o
    0x0001e23c   0x0001e23c   0x00000008   Code   RO          794    i.bsp_button_is_pressed  bsp.o
    0x0001e244   0x0001e244   0x0000004c   Code   RO           16    i.bsp_event_handler  main.o
    0x0001e290   0x0001e290   0x00000048   Code   RO          797    i.bsp_event_to_button_action_assign  bsp.o
    0x0001e2d8   0x0001e2d8   0x0000001c   Code   RO          798    i.bsp_indication_set  bsp.o
    0x0001e2f4   0x0001e2f4   0x000000a8   Code   RO          799    i.bsp_init          bsp.o
    0x0001e39c   0x0001e39c   0x00000184   Code   RO          800    i.bsp_led_indication  bsp.o
    0x0001e520   0x0001e520   0x00000022   Code   RO          802    i.bsp_wakeup_button_enable  bsp.o
    0x0001e542   0x0001e542   0x00000012   Code   RO         5084    i.buf_len_update    nrf_log_backend_serial.o
    0x0001e554   0x0001e554   0x00000070   Code   RO         5170    i.buf_prealloc      nrf_log_frontend.o
    0x0001e5c4   0x0001e5c4   0x00000014   Code   RO         5171    i.buffer_is_empty   nrf_log_frontend.o
    0x0001e5d8   0x0001e5d8   0x0000000c   Code   RO          803    i.button_timer_handler  bsp.o
    0x0001e5e4   0x0001e5e4   0x00000054   Code   RO           17    i.buzzer_on         main.o
    0x0001e638   0x0001e638   0x000000f4   Code   RO           18    i.buzzer_timeout_handler  main.o
    0x0001e72c   0x0001e72c   0x00000024   Code   RO         5707    i.cal_crc_table     sdp3x.o
    0x0001e750   0x0001e750   0x0000001c   Code   RO         3254    i.channel_free      nrf_drv_gpiote.o
    0x0001e76c   0x0001e76c   0x00000048   Code   RO         3255    i.channel_port_alloc  nrf_drv_gpiote.o
    0x0001e7b4   0x0001e7b4   0x00000010   Code   RO         3256    i.channel_port_get  nrf_drv_gpiote.o
    0x0001e7c4   0x0001e7c4   0x00000098   Code   RO         2859    i.char_add          ble_dis.o
    0x0001e85c   0x0001e85c   0x00000028   Code   RO           19    i.charge_timer_handler  main.o
    0x0001e884   0x0001e884   0x00000020   Code   RO         4614    i.check_config      fstorage.o
    0x0001e8a4   0x0001e8a4   0x00000018   Code   RO         4312    i.chunk_queue_next  fds.o
    0x0001e8bc   0x0001e8bc   0x0000003c   Code   RO         2152    i.claim             peer_id.o
    0x0001e8f8   0x0001e8f8   0x00000028   Code   RO         3054    i.clock_clk_started_notify  nrf_drv_clock.o
    0x0001e920   0x0001e920   0x000000a8   Code   RO         4110    i.compare_reg_update  app_timer.o
    0x0001e9c8   0x0001e9c8   0x00000088   Code   RO          983    i.conn_int_encode   ble_advdata.o
    0x0001ea50   0x0001ea50   0x00000008   Code   RO           20    i.conn_params_error_handler  main.o
    0x0001ea58   0x0001ea58   0x00000068   Code   RO         1144    i.conn_params_negotiation  ble_conn_params.o
    0x0001eac0   0x0001eac0   0x0000003c   Code   RO         4827    i.crc32_compute     crc32.o
    0x0001eafc   0x0001eafc   0x00000038   Code   RO         5933    i.delay_operation   nrf_dfu_settings.o
    0x0001eb34   0x0001eb34   0x0000008c   Code   RO         4313    i.delete_execute    fds.o
    0x0001ebc0   0x0001ebc0   0x00000060   Code   RO         3987    i.detection_delay_timeout_handler  app_button.o
    0x0001ec20   0x0001ec20   0x00000018   Code   RO         5934    i.dfu_settings_write_callback  nrf_dfu_settings.o
    0x0001ec38   0x0001ec38   0x00000040   Code   RO         4111    i.elapsed_ticks_acquire  app_timer.o
    0x0001ec78   0x0001ec78   0x00000030   Code   RO         2589    i.encryption_failure  security_dispatcher.o
    0x0001eca8   0x0001eca8   0x0000006a   Code   RO         4314    i.event_prepare     fds.o
    0x0001ed12   0x0001ed12   0x00000002   PAD
    0x0001ed14   0x0001ed14   0x00000020   Code   RO         4315    i.event_send        fds.o
    0x0001ed34   0x0001ed34   0x00000032   Code   RO         2699    i.events_send_from_err_code  security_manager.o
    0x0001ed66   0x0001ed66   0x00000002   PAD
    0x0001ed68   0x0001ed68   0x0000000c   Code   RO         1389    i.evt_send          gatt_cache_manager.o
    0x0001ed74   0x0001ed74   0x0000001c   Code   RO         1574    i.evt_send          id_manager.o
    0x0001ed90   0x0001ed90   0x00000028   Code   RO         2238    i.evt_send          peer_manager.o
    0x0001edb8   0x0001edb8   0x0000001c   Code   RO         2590    i.evt_send          security_dispatcher.o
    0x0001edd4   0x0001edd4   0x0000000c   Code   RO         2700    i.evt_send          security_manager.o
    0x0001ede0   0x0001ede0   0x00000002   Code   RO           21    i.fds_evt_handler   main.o
    0x0001ede2   0x0001ede2   0x00000002   PAD
    0x0001ede4   0x0001ede4   0x0000011c   Code   RO         1838    i.fds_evt_handler   peer_data_storage.o
    0x0001ef00   0x0001ef00   0x0000004c   Code   RO         4317    i.fds_file_delete   fds.o
    0x0001ef4c   0x0001ef4c   0x00000048   Code   RO         4318    i.fds_gc            fds.o
    0x0001ef94   0x0001ef94   0x00000088   Code   RO         4319    i.fds_init          fds.o
    0x0001f01c   0x0001f01c   0x00000040   Code   RO         4320    i.fds_record_close  fds.o
    0x0001f05c   0x0001f05c   0x0000000e   Code   RO         4322    i.fds_record_find   fds.o
    0x0001f06a   0x0001f06a   0x00000010   Code   RO         4323    i.fds_record_find_by_key  fds.o
    0x0001f07a   0x0001f07a   0x00000010   Code   RO         4324    i.fds_record_find_in_file  fds.o
    0x0001f08a   0x0001f08a   0x00000014   Code   RO         4325    i.fds_record_id_from_desc  fds.o
    0x0001f09e   0x0001f09e   0x00000002   PAD
    0x0001f0a0   0x0001f0a0   0x00000044   Code   RO         4327    i.fds_record_open   fds.o
    0x0001f0e4   0x0001f0e4   0x00000014   Code   RO         4328    i.fds_record_update  fds.o
    0x0001f0f8   0x0001f0f8   0x0000000c   Code   RO         4329    i.fds_record_write  fds.o
    0x0001f104   0x0001f104   0x00000012   Code   RO         4330    i.fds_record_write_reserved  fds.o
    0x0001f116   0x0001f116   0x00000002   PAD
    0x0001f118   0x0001f118   0x00000024   Code   RO         4331    i.fds_register      fds.o
    0x0001f13c   0x0001f13c   0x00000034   Code   RO         4332    i.fds_reserve       fds.o
    0x0001f170   0x0001f170   0x00000048   Code   RO         4333    i.fds_reserve_cancel  fds.o
    0x0001f1b8   0x0001f1b8   0x0000000a   Code   RO         1839    i.file_id_to_peer_id  peer_data_storage.o
    0x0001f1c2   0x0001f1c2   0x00000002   PAD
    0x0001f1c4   0x0001f1c4   0x00000018   Code   RO         1840    i.file_id_within_pm_range  peer_data_storage.o
    0x0001f1dc   0x0001f1dc   0x00000010   Code   RO         4335    i.flag_clear        fds.o
    0x0001f1ec   0x0001f1ec   0x00000012   Code   RO         2591    i.flag_id_init      security_dispatcher.o
    0x0001f1fe   0x0001f1fe   0x00000012   Code   RO         2701    i.flag_id_init      security_manager.o
    0x0001f210   0x0001f210   0x00000010   Code   RO         4336    i.flag_set          fds.o
    0x0001f220   0x0001f220   0x0000005c   Code   RO         2702    i.flags_set_from_err_code  security_manager.o
    0x0001f27c   0x0001f27c   0x00000058   Code   RO         2993    i.flash_callback    ble_dfu.o
    0x0001f2d4   0x0001f2d4   0x0000007c   Code   RO         4615    i.fs_erase          fstorage.o
    0x0001f350   0x0001f350   0x0000000a   Code   RO         4337    i.fs_event_handler  fds.o
    0x0001f35a   0x0001f35a   0x00000002   PAD
    0x0001f35c   0x0001f35c   0x00000058   Code   RO         5992    i.fs_evt_handler    nrf_dfu_flash_greenlung.o
    0x0001f3b4   0x0001f3b4   0x000000ac   Code   RO         4617    i.fs_init           fstorage.o
    0x0001f460   0x0001f460   0x00000014   Code   RO         4619    i.fs_queue_is_full  fstorage.o
    0x0001f474   0x0001f474   0x00000018   Code   RO         4620    i.fs_queued_op_count_get  fstorage.o
    0x0001f48c   0x0001f48c   0x00000084   Code   RO         4621    i.fs_store          fstorage.o
    0x0001f510   0x0001f510   0x00000068   Code   RO         4622    i.fs_sys_event_handler  fstorage.o
    0x0001f578   0x0001f578   0x0000005c   Code   RO           22    i.gap_params_init   main.o
    0x0001f5d4   0x0001f5d4   0x00000010   Code   RO           23    i.gatt_evt_handler  main.o
    0x0001f5e4   0x0001f5e4   0x0000001c   Code   RO           24    i.gatt_init         main.o
    0x0001f600   0x0001f600   0x00000070   Code   RO         4338    i.gc_execute        fds.o
    0x0001f670   0x0001f670   0x0000004c   Code   RO         4339    i.gc_next_page      fds.o
    0x0001f6bc   0x0001f6bc   0x0000004c   Code   RO         4340    i.gc_page_erase     fds.o
    0x0001f708   0x0001f708   0x00000034   Code   RO         4341    i.gc_record_copy    fds.o
    0x0001f73c   0x0001f73c   0x00000020   Code   RO         4342    i.gc_record_find_next  fds.o
    0x0001f75c   0x0001f75c   0x00000080   Code   RO         4343    i.gc_state_advance  fds.o
    0x0001f7dc   0x0001f7dc   0x000000f0   Code   RO         1390    i.gcm_ble_evt_handler  gatt_cache_manager.o
    0x0001f8cc   0x0001f8cc   0x00000068   Code   RO         1391    i.gcm_gscm_evt_handler  gatt_cache_manager.o
    0x0001f934   0x0001f934   0x0000002c   Code   RO         1392    i.gcm_im_evt_handler  gatt_cache_manager.o
    0x0001f960   0x0001f960   0x00000048   Code   RO         1393    i.gcm_init          gatt_cache_manager.o
    0x0001f9a8   0x0001f9a8   0x0000004c   Code   RO         1394    i.gcm_local_database_has_changed  gatt_cache_manager.o
    0x0001f9f4   0x0001f9f4   0x00000010   Code   RO         1397    i.gcm_smd_evt_handler  gatt_cache_manager.o
    0x0001fa04   0x0001fa04   0x00000038   Code   RO         1575    i.get_connection_by_conn_handle  id_manager.o
    0x0001fa3c   0x0001fa3c   0x00000030   Code   RO         1576    i.get_free_connection  id_manager.o
    0x0001fa6c   0x0001fa6c   0x00000050   Code   RO         3988    i.gpiote_event_handler  app_button.o
    0x0001fabc   0x0001fabc   0x0000001c   Code   RO         1493    i.gscm_db_change_notification_done  gatts_cache_manager.o
    0x0001fad8   0x0001fad8   0x00000014   Code   RO         1494    i.gscm_init         gatts_cache_manager.o
    0x0001faec   0x0001faec   0x0000001c   Code   RO         1495    i.gscm_local_database_has_changed  gatts_cache_manager.o
    0x0001fb08   0x0001fb08   0x0000006c   Code   RO         1496    i.gscm_local_db_cache_apply  gatts_cache_manager.o
    0x0001fb74   0x0001fb74   0x00000084   Code   RO         1498    i.gscm_local_db_cache_update  gatts_cache_manager.o
    0x0001fbf8   0x0001fbf8   0x00000050   Code   RO         1499    i.gscm_pdb_evt_handler  gatts_cache_manager.o
    0x0001fc48   0x0001fc48   0x0000001c   Code   RO         1500    i.gscm_service_changed_ind_needed  gatts_cache_manager.o
    0x0001fc64   0x0001fc64   0x0000002c   Code   RO         1501    i.gscm_service_changed_ind_send  gatts_cache_manager.o
    0x0001fc90   0x0001fc90   0x00000030   Code   RO          586    i.hal_adc_convert_single  hal_adc.o
    0x0001fcc0   0x0001fcc0   0x00000030   Code   RO          587    i.hal_adc_init      hal_adc.o
    0x0001fcf0   0x0001fcf0   0x0000001c   Code   RO         4344    i.header_is_valid   fds.o
    0x0001fd0c   0x0001fd0c   0x00000150   Code   RO           25    i.heart_rate_meas_timeout_handler  main.o
    0x0001fe5c   0x0001fe5c   0x000000b0   Code   RO         2906    i.heart_rate_measurement_char_add  ble_hrs.o
    0x0001ff0c   0x0001ff0c   0x00000024   Code   RO         2907    i.hrm_encode        ble_hrs.o
    0x0001ff30   0x0001ff30   0x00000040   Code   RO         1577    i.im_address_resolve  id_manager.o
    0x0001ff70   0x0001ff70   0x0000002c   Code   RO         1578    i.im_ble_addr_get   id_manager.o
    0x0001ff9c   0x0001ff9c   0x000000a8   Code   RO         1579    i.im_ble_evt_handler  id_manager.o
    0x00020044   0x00020044   0x0000002c   Code   RO         1580    i.im_conn_handle_get  id_manager.o
    0x00020070   0x00020070   0x00000048   Code   RO         1584    i.im_init           id_manager.o
    0x000200b8   0x000200b8   0x00000038   Code   RO         1585    i.im_is_duplicate_bonding_data  id_manager.o
    0x000200f0   0x000200f0   0x0000001c   Code   RO         1586    i.im_master_id_is_valid  id_manager.o
    0x0002010c   0x0002010c   0x0000002c   Code   RO         1587    i.im_master_ids_compare  id_manager.o
    0x00020138   0x00020138   0x00000008   Code   RO         1588    i.im_new_peer_id    id_manager.o
    0x00020140   0x00020140   0x0000006e   Code   RO         1589    i.im_pdb_evt_handler  id_manager.o
    0x000201ae   0x000201ae   0x00000002   PAD
    0x000201b0   0x000201b0   0x0000002c   Code   RO         1590    i.im_peer_free      id_manager.o
    0x000201dc   0x000201dc   0x00000020   Code   RO         1591    i.im_peer_id_get_by_conn_handle  id_manager.o
    0x000201fc   0x000201fc   0x00000044   Code   RO         1592    i.im_peer_id_get_by_master_id  id_manager.o
    0x00020240   0x00020240   0x000000c0   Code   RO         4345    i.init_execute      fds.o
    0x00020300   0x00020300   0x00000080   Code   RO         5448    i.intern_softdevice_events_execute  softdevice_handler.o
    0x00020380   0x00020380   0x00000040   Code   RO         3533    i.irq_handler       nrf_drv_timer.o
    0x000203c0   0x000203c0   0x00000018   Code   RO         3655    i.is_allocated_channel  nrf_drv_ppi.o
    0x000203d8   0x000203d8   0x00000018   Code   RO         3656    i.is_allocated_group  nrf_drv_ppi.o
    0x000203f0   0x000203f0   0x0000000e   Code   RO         3657    i.is_app_channel    nrf_drv_ppi.o
    0x000203fe   0x000203fe   0x0000000c   Code   RO         3658    i.is_app_group      nrf_drv_ppi.o
    0x0002040a   0x0002040a   0x00000002   PAD
    0x0002040c   0x0002040c   0x0000001c   Code   RO         1145    i.is_conn_params_ok  ble_conn_params.o
    0x00020428   0x00020428   0x00000048   Code   RO         6056    i.is_manual_peripheral_setup_needed  system_nrf51.o
    0x00020470   0x00020470   0x0000000c   Code   RO         3659    i.is_programmable_app_channel  nrf_drv_ppi.o
    0x0002047c   0x0002047c   0x00000016   Code   RO         1597    i.is_valid_irk      id_manager.o
    0x00020492   0x00020492   0x0000000c   Code   RO         4346    i.is_word_aligned   fds.o
    0x0002049e   0x0002049e   0x00000002   PAD
    0x000204a0   0x000204a0   0x00000018   Code   RO          804    i.leds_timer_handler  bsp.o
    0x000204b8   0x000204b8   0x0000009c   Code   RO         2703    i.link_secure       security_manager.o
    0x00020554   0x00020554   0x00000088   Code   RO         2592    i.link_secure_central  security_dispatcher.o
    0x000205dc   0x000205dc   0x000000c6   Code   RO         2593    i.link_secure_central_existing_peer  security_dispatcher.o
    0x000206a2   0x000206a2   0x00000002   PAD
    0x000206a4   0x000206a4   0x00000074   Code   RO         2594    i.link_secure_central_new_peer  security_dispatcher.o
    0x00020718   0x00020718   0x00000050   Code   RO         2595    i.link_secure_failure  security_dispatcher.o
    0x00020768   0x00020768   0x0000005c   Code   RO         2704    i.link_secure_pending_process  security_manager.o
    0x000207c4   0x000207c4   0x000000ac   Code   RO         4112    i.list_deletions_handler  app_timer.o
    0x00020870   0x00020870   0x000000bc   Code   RO         4113    i.list_insertions_handler  app_timer.o
    0x0002092c   0x0002092c   0x00000078   Code   RO         1398    i.local_db_apply_in_evt  gatt_cache_manager.o
    0x000209a4   0x000209a4   0x00000078   Code   RO         1399    i.local_db_update_in_evt  gatt_cache_manager.o
    0x00020a1c   0x00020a1c   0x00000032   Code   RO         2539    i.lock_by_mask      pm_mutex.o
    0x00020a4e   0x00020a4e   0x00000002   PAD
    0x00020a50   0x00020a50   0x00000028   Code   RO          555    i.m_batt_meas_init  m_batt_meas.o
    0x00020a78   0x00020a78   0x00000304   Code   RO           26    i.main              main.o
    0x00020d7c   0x00020d7c   0x00000068   Code   RO          984    i.manuf_specific_data_encode  ble_advdata.o
    0x00020de4   0x00020de4   0x0000009e   Code   RO          985    i.name_encode       ble_advdata.o
    0x00020e82   0x00020e82   0x00000002   PAD
    0x00020e84   0x00020e84   0x0000005c   Code   RO         1598    i.new_connection    id_manager.o
    0x00020ee0   0x00020ee0   0x00000034   Code   RO         2153    i.next_id_get       peer_id.o
    0x00020f14   0x00020f14   0x00000010   Code   RO         3257    i.nrf_bitmask_bit_is_set  nrf_drv_gpiote.o
    0x00020f24   0x00020f24   0x00000004   Code   RO         1768    i.nrf_ble_gatt_init  nrf_ble_gatt.o
    0x00020f28   0x00020f28   0x00000002   Code   RO         1769    i.nrf_ble_gatt_on_ble_evt  nrf_ble_gatt.o
    0x00020f2a   0x00020f2a   0x00000010   Code   RO         3058    i.nrf_clock_event_check  nrf_drv_clock.o
    0x00020f3a   0x00020f3a   0x00000002   PAD
    0x00020f3c   0x00020f3c   0x00000034   Code   RO           27    i.nrf_delay_ms      main.o
    0x00020f70   0x00020f70   0x00000034   Code   RO         5708    i.nrf_delay_ms      sdp3x.o
    0x00020fa4   0x00020fa4   0x00000030   Code   RO         3479    i.nrf_delay_us      twi_hw_master.o
    0x00020fd4   0x00020fd4   0x00000030   Code   RO         4114    i.nrf_delay_us      app_timer.o
    0x00021004   0x00021004   0x000000c8   Code   RO         5993    i.nrf_dfu_flash_erase  nrf_dfu_flash_greenlung.o
    0x000210cc   0x000210cc   0x00000010   Code   RO         5995    i.nrf_dfu_flash_init  nrf_dfu_flash_greenlung.o
    0x000210dc   0x000210dc   0x00000094   Code   RO         5996    i.nrf_dfu_flash_store  nrf_dfu_flash_greenlung.o
    0x00021170   0x00021170   0x00000014   Code   RO         5935    i.nrf_dfu_settings_calculate_crc  nrf_dfu_settings.o
    0x00021184   0x00021184   0x00000090   Code   RO         5936    i.nrf_dfu_settings_init  nrf_dfu_settings.o
    0x00021214   0x00021214   0x000001ac   Code   RO         5937    i.nrf_dfu_settings_write  nrf_dfu_settings.o
    0x000213c0   0x000213c0   0x00000048   Code   RO         3065    i.nrf_drv_clock_init  nrf_drv_clock.o
    0x00021408   0x00021408   0x00000034   Code   RO         3072    i.nrf_drv_clock_on_sd_enable  nrf_drv_clock.o
    0x0002143c   0x0002143c   0x0000000c   Code   RO         3073    i.nrf_drv_clock_on_soc_event  nrf_drv_clock.o
    0x00021448   0x00021448   0x00000060   Code   RO         3212    i.nrf_drv_common_irq_enable  nrf_drv_common.o
    0x000214a8   0x000214a8   0x00000098   Code   RO         3260    i.nrf_drv_gpiote_in_event_enable  nrf_drv_gpiote.o
    0x00021540   0x00021540   0x000000a8   Code   RO         3261    i.nrf_drv_gpiote_in_init  nrf_drv_gpiote.o
    0x000215e8   0x000215e8   0x00000014   Code   RO         3262    i.nrf_drv_gpiote_in_is_set  nrf_drv_gpiote.o
    0x000215fc   0x000215fc   0x0000005c   Code   RO         3264    i.nrf_drv_gpiote_init  nrf_drv_gpiote.o
    0x00021658   0x00021658   0x00000010   Code   RO         3265    i.nrf_drv_gpiote_is_init  nrf_drv_gpiote.o
    0x00021668   0x00021668   0x00000098   Code   RO         3267    i.nrf_drv_gpiote_out_init  nrf_drv_gpiote.o
    0x00021700   0x00021700   0x00000014   Code   RO         3269    i.nrf_drv_gpiote_out_task_addr_get  nrf_drv_gpiote.o
    0x00021714   0x00021714   0x00000020   Code   RO         3270    i.nrf_drv_gpiote_out_task_disable  nrf_drv_gpiote.o
    0x00021734   0x00021734   0x00000030   Code   RO         3271    i.nrf_drv_gpiote_out_task_enable  nrf_drv_gpiote.o
    0x00021764   0x00021764   0x0000002c   Code   RO         3272    i.nrf_drv_gpiote_out_task_force  nrf_drv_gpiote.o
    0x00021790   0x00021790   0x00000044   Code   RO         3275    i.nrf_drv_gpiote_out_uninit  nrf_drv_gpiote.o
    0x000217d4   0x000217d4   0x00000068   Code   RO         3660    i.nrf_drv_ppi_channel_alloc  nrf_drv_ppi.o
    0x0002183c   0x0002183c   0x00000040   Code   RO         3661    i.nrf_drv_ppi_channel_assign  nrf_drv_ppi.o
    0x0002187c   0x0002187c   0x0000003c   Code   RO         3662    i.nrf_drv_ppi_channel_disable  nrf_drv_ppi.o
    0x000218b8   0x000218b8   0x0000003c   Code   RO         3663    i.nrf_drv_ppi_channel_enable  nrf_drv_ppi.o
    0x000218f4   0x000218f4   0x00000040   Code   RO         3665    i.nrf_drv_ppi_channel_free  nrf_drv_ppi.o
    0x00021934   0x00021934   0x00000054   Code   RO         3666    i.nrf_drv_ppi_channels_include_in_group  nrf_drv_ppi.o
    0x00021988   0x00021988   0x00000054   Code   RO         3667    i.nrf_drv_ppi_channels_remove_from_group  nrf_drv_ppi.o
    0x000219dc   0x000219dc   0x00000064   Code   RO         3668    i.nrf_drv_ppi_group_alloc  nrf_drv_ppi.o
    0x00021a40   0x00021a40   0x00000034   Code   RO         3670    i.nrf_drv_ppi_group_enable  nrf_drv_ppi.o
    0x00021a74   0x00021a74   0x00000050   Code   RO         3671    i.nrf_drv_ppi_group_free  nrf_drv_ppi.o
    0x00021ac4   0x00021ac4   0x00000018   Code   RO         3672    i.nrf_drv_ppi_init  nrf_drv_ppi.o
    0x00021adc   0x00021adc   0x0000009c   Code   RO         3887    i.nrf_drv_rtc_int_handler  nrf_drv_rtc.o
    0x00021b78   0x00021b78   0x00000118   Code   RO         3805    i.nrf_drv_spi_init  nrf_drv_spi.o
    0x00021c90   0x00021c90   0x00000018   Code   RO         3806    i.nrf_drv_spi_transfer  nrf_drv_spi.o
    0x00021ca8   0x00021ca8   0x00000070   Code   RO         3808    i.nrf_drv_spi_xfer  nrf_drv_spi.o
    0x00021d18   0x00021d18   0x0000000e   Code   RO         4933    i.nrf_drv_timer_capture_get  app_pwm.o
    0x00021d26   0x00021d26   0x0000000c   Code   RO         4934    i.nrf_drv_timer_capture_task_address_get  app_pwm.o
    0x00021d32   0x00021d32   0x00000008   Code   RO         3535    i.nrf_drv_timer_clear  nrf_drv_timer.o
    0x00021d3a   0x00021d3a   0x0000002a   Code   RO         3536    i.nrf_drv_timer_compare  nrf_drv_timer.o
    0x00021d64   0x00021d64   0x0000000e   Code   RO         4935    i.nrf_drv_timer_compare_event_address_get  app_pwm.o
    0x00021d72   0x00021d72   0x00000012   Code   RO         3537    i.nrf_drv_timer_compare_int_disable  nrf_drv_timer.o
    0x00021d84   0x00021d84   0x00000022   Code   RO         3538    i.nrf_drv_timer_compare_int_enable  nrf_drv_timer.o
    0x00021da6   0x00021da6   0x00000002   PAD
    0x00021da8   0x00021da8   0x00000018   Code   RO         3539    i.nrf_drv_timer_disable  nrf_drv_timer.o
    0x00021dc0   0x00021dc0   0x0000001c   Code   RO         3540    i.nrf_drv_timer_enable  nrf_drv_timer.o
    0x00021ddc   0x00021ddc   0x0000002e   Code   RO         3541    i.nrf_drv_timer_extended_compare  nrf_drv_timer.o
    0x00021e0a   0x00021e0a   0x00000002   PAD
    0x00021e0c   0x00021e0c   0x0000009c   Code   RO         3543    i.nrf_drv_timer_init  nrf_drv_timer.o
    0x00021ea8   0x00021ea8   0x00000058   Code   RO         3546    i.nrf_drv_timer_uninit  nrf_drv_timer.o
    0x00021f00   0x00021f00   0x00000028   Code   RO          635    i.nrf_gpio_cfg      boards.o
    0x00021f28   0x00021f28   0x00000028   Code   RO         3277    i.nrf_gpio_cfg      nrf_drv_gpiote.o
    0x00021f50   0x00021f50   0x00000028   Code   RO         3809    i.nrf_gpio_cfg      nrf_drv_spi.o
    0x00021f78   0x00021f78   0x00000012   Code   RO         3278    i.nrf_gpio_cfg_default  nrf_drv_gpiote.o
    0x00021f8a   0x00021f8a   0x00000012   Code   RO          636    i.nrf_gpio_cfg_input  boards.o
    0x00021f9c   0x00021f9c   0x00000014   Code   RO           28    i.nrf_gpio_cfg_output  main.o
    0x00021fb0   0x00021fb0   0x00000014   Code   RO          637    i.nrf_gpio_cfg_output  boards.o
    0x00021fc4   0x00021fc4   0x00000014   Code   RO         3810    i.nrf_gpio_cfg_output  nrf_drv_spi.o
    0x00021fd8   0x00021fd8   0x00000022   Code   RO          805    i.nrf_gpio_cfg_sense_set  bsp.o
    0x00021ffa   0x00021ffa   0x00000022   Code   RO         3279    i.nrf_gpio_cfg_sense_set  nrf_drv_gpiote.o
    0x0002201c   0x0002201c   0x00000010   Code   RO         5811    i.nrf_gpio_pin_set  w25x40.o
    0x0002202c   0x0002202c   0x00000018   Code   RO          638    i.nrf_gpio_pin_toggle  boards.o
    0x00022044   0x00022044   0x00000018   Code   RO          639    i.nrf_gpio_pin_write  boards.o
    0x0002205c   0x0002205c   0x00000028   Code   RO         3280    i.nrf_gpio_ports_read  nrf_drv_gpiote.o
    0x00022084   0x00022084   0x00000010   Code   RO         3281    i.nrf_gpiote_event_clear  nrf_drv_gpiote.o
    0x00022094   0x00022094   0x00000014   Code   RO         3282    i.nrf_gpiote_event_is_set  nrf_drv_gpiote.o
    0x000220a8   0x000220a8   0x00000008   Code   RO         5086    i.nrf_log_backend_hexdump_handler_get  nrf_log_backend_serial.o
    0x000220b0   0x000220b0   0x00000024   Code   RO         5087    i.nrf_log_backend_init  nrf_log_backend_serial.o
    0x000220d4   0x000220d4   0x0000011c   Code   RO         5088    i.nrf_log_backend_serial_hexdump_handler  nrf_log_backend_serial.o
    0x000221f0   0x000221f0   0x000000f8   Code   RO         5089    i.nrf_log_backend_serial_std_handler  nrf_log_backend_serial.o
    0x000222e8   0x000222e8   0x00000008   Code   RO         5090    i.nrf_log_backend_std_handler_get  nrf_log_backend_serial.o
    0x000222f0   0x000222f0   0x0000000a   Code   RO         5173    i.nrf_log_blocking_backend_set  nrf_log_frontend.o
    0x000222fa   0x000222fa   0x00000002   PAD
    0x000222fc   0x000222fc   0x0000014c   Code   RO         5174    i.nrf_log_frontend_dequeue  nrf_log_frontend.o
    0x00022448   0x00022448   0x00000018   Code   RO         5176    i.nrf_log_frontend_init  nrf_log_frontend.o
    0x00022460   0x00022460   0x0000004c   Code   RO         5177    i.nrf_log_frontend_std_0  nrf_log_frontend.o
    0x000224ac   0x000224ac   0x00000060   Code   RO         5178    i.nrf_log_frontend_std_1  nrf_log_frontend.o
    0x0002250c   0x0002250c   0x0000006c   Code   RO         5179    i.nrf_log_frontend_std_2  nrf_log_frontend.o
    0x00022578   0x00022578   0x0000007c   Code   RO         5180    i.nrf_log_frontend_std_3  nrf_log_frontend.o
    0x000225f4   0x000225f4   0x0000000c   Code   RO         5185    i.nrf_log_handlers_set  nrf_log_frontend.o
    0x00022600   0x00022600   0x00000024   Code   RO         5186    i.nrf_log_init      nrf_log_frontend.o
    0x00022624   0x00022624   0x00000068   Code   RO           29    i.on_adv_evt        main.o
    0x0002268c   0x0002268c   0x00000370   Code   RO           30    i.on_ble_evt        main.o
    0x000229fc   0x000229fc   0x00000020   Code   RO           31    i.on_conn_params_evt  main.o
    0x00022a1c   0x00022a1c   0x000000ac   Code   RO         2994    i.on_ctrlpt_write   ble_dfu.o
    0x00022ac8   0x00022ac8   0x00000054   Code   RO         4623    i.on_operation_success  fstorage.o
    0x00022b1c   0x00022b1c   0x00000078   Code   RO         4347    i.op_enqueue        fds.o
    0x00022b94   0x00022b94   0x00000012   Code   RO         4348    i.page_offsets_update  fds.o
    0x00022ba6   0x00022ba6   0x00000002   PAD
    0x00022ba8   0x00022ba8   0x00000058   Code   RO         4349    i.page_scan         fds.o
    0x00022c00   0x00022c00   0x0000001c   Code   RO         4350    i.page_tag_write_data  fds.o
    0x00022c1c   0x00022c1c   0x00000024   Code   RO         4351    i.page_tag_write_swap  fds.o
    0x00022c40   0x00022c40   0x000000f0   Code   RO         4352    i.pages_init        fds.o
    0x00022d30   0x00022d30   0x0000006c   Code   RO         2596    i.pairing_failure   security_dispatcher.o
    0x00022d9c   0x00022d9c   0x00000038   Code   RO         4936    i.pan73_workaround  app_pwm.o
    0x00022dd4   0x00022dd4   0x0000003c   Code   RO         2705    i.params_reply_pending_process  security_manager.o
    0x00022e10   0x00022e10   0x0000001c   Code   RO         1993    i.pdb_evt_send      peer_database.o
    0x00022e2c   0x00022e2c   0x0000004c   Code   RO         1994    i.pdb_init          peer_database.o
    0x00022e78   0x00022e78   0x00000008   Code   RO         1996    i.pdb_next_deleted_peer_id_get  peer_database.o
    0x00022e80   0x00022e80   0x00000008   Code   RO         1997    i.pdb_next_peer_id_get  peer_database.o
    0x00022e88   0x00022e88   0x00000134   Code   RO         1998    i.pdb_pds_evt_handler  peer_database.o
    0x00022fbc   0x00022fbc   0x00000008   Code   RO         1999    i.pdb_peer_allocate  peer_database.o
    0x00022fc4   0x00022fc4   0x0000000a   Code   RO         2001    i.pdb_peer_data_ptr_get  peer_database.o
    0x00022fce   0x00022fce   0x0000004a   Code   RO         2002    i.pdb_peer_free     peer_database.o
    0x00023018   0x00023018   0x0000000c   Code   RO         2003    i.pdb_raw_store     peer_database.o
    0x00023024   0x00023024   0x00000108   Code   RO         2004    i.pdb_write_buf_get  peer_database.o
    0x0002312c   0x0002312c   0x0000002a   Code   RO         2005    i.pdb_write_buf_release  peer_database.o
    0x00023156   0x00023156   0x00000002   PAD
    0x00023158   0x00023158   0x000000c8   Code   RO         2006    i.pdb_write_buf_store  peer_database.o
    0x00023220   0x00023220   0x00000068   Code   RO         2007    i.pdb_write_buf_store_prepare  peer_database.o
    0x00023288   0x00023288   0x0000000c   Code   RO         1841    i.pds_evt_send      peer_data_storage.o
    0x00023294   0x00023294   0x00000070   Code   RO         1842    i.pds_init          peer_data_storage.o
    0x00023304   0x00023304   0x00000008   Code   RO         1843    i.pds_next_deleted_peer_id_get  peer_data_storage.o
    0x0002330c   0x0002330c   0x00000008   Code   RO         1844    i.pds_next_peer_id_get  peer_data_storage.o
    0x00023314   0x00023314   0x00000054   Code   RO         1847    i.pds_peer_data_iterate  peer_data_storage.o
    0x00023368   0x00023368   0x00000010   Code   RO         1848    i.pds_peer_data_iterate_prepare  peer_data_storage.o
    0x00023378   0x00023378   0x00000070   Code   RO         1849    i.pds_peer_data_read  peer_data_storage.o
    0x000233e8   0x000233e8   0x000000ae   Code   RO         1850    i.pds_peer_data_store  peer_data_storage.o
    0x00023496   0x00023496   0x00000002   PAD
    0x00023498   0x00023498   0x00000010   Code   RO         1851    i.pds_peer_id_allocate  peer_data_storage.o
    0x000234a8   0x000234a8   0x00000016   Code   RO         1852    i.pds_peer_id_free  peer_data_storage.o
    0x000234be   0x000234be   0x00000008   Code   RO         1853    i.pds_peer_id_is_allocated  peer_data_storage.o
    0x000234c6   0x000234c6   0x00000030   Code   RO         1854    i.pds_space_reserve  peer_data_storage.o
    0x000234f6   0x000234f6   0x00000010   Code   RO         1855    i.pds_space_reserve_cancel  peer_data_storage.o
    0x00023506   0x00023506   0x0000000a   Code   RO         2008    i.peer_data_const_point_to_buffer  peer_database.o
    0x00023510   0x00023510   0x00000080   Code   RO         1856    i.peer_data_delete  peer_data_storage.o
    0x00023590   0x00023590   0x00000030   Code   RO         1857    i.peer_data_find    peer_data_storage.o
    0x000235c0   0x000235c0   0x00000020   Code   RO         1858    i.peer_data_id_is_valid  peer_data_storage.o
    0x000235e0   0x000235e0   0x00000014   Code   RO         2009    i.peer_data_point_to_buffer  peer_database.o
    0x000235f4   0x000235f4   0x00000010   Code   RO         2154    i.peer_id_allocate  peer_id.o
    0x00023604   0x00023604   0x00000028   Code   RO         2155    i.peer_id_delete    peer_id.o
    0x0002362c   0x0002362c   0x0000001c   Code   RO         2156    i.peer_id_free      peer_id.o
    0x00023648   0x00023648   0x00000010   Code   RO         2157    i.peer_id_get_next_deleted  peer_id.o
    0x00023658   0x00023658   0x00000034   Code   RO         2158    i.peer_id_get_next_used  peer_id.o
    0x0002368c   0x0002368c   0x00000028   Code   RO         2159    i.peer_id_init      peer_id.o
    0x000236b4   0x000236b4   0x00000018   Code   RO         2160    i.peer_id_is_allocated  peer_id.o
    0x000236cc   0x000236cc   0x00000018   Code   RO         2161    i.peer_id_is_deleted  peer_id.o
    0x000236e4   0x000236e4   0x0000001c   Code   RO         1599    i.peer_id_set       id_manager.o
    0x00023700   0x00023700   0x0000000a   Code   RO         1859    i.peer_id_to_file_id  peer_data_storage.o
    0x0002370a   0x0002370a   0x00000002   PAD
    0x0002370c   0x0002370c   0x00000088   Code   RO           32    i.peer_manager_init  main.o
    0x00023794   0x00023794   0x00000018   Code   RO         3283    i.pin_in_use_by_port  nrf_drv_gpiote.o
    0x000237ac   0x000237ac   0x00000018   Code   RO         3284    i.pin_in_use_by_te  nrf_drv_gpiote.o
    0x000237c4   0x000237c4   0x0000005e   Code   RO         2501    i.pm_buffer_block_acquire  pm_buffer.o
    0x00023822   0x00023822   0x00000042   Code   RO         2502    i.pm_buffer_init    pm_buffer.o
    0x00023864   0x00023864   0x0000002e   Code   RO         2503    i.pm_buffer_ptr_get  pm_buffer.o
    0x00023892   0x00023892   0x0000002a   Code   RO         2504    i.pm_buffer_release  pm_buffer.o
    0x000238bc   0x000238bc   0x00000008   Code   RO         2240    i.pm_conn_sec_config_reply  peer_manager.o
    0x000238c4   0x000238c4   0x000000b0   Code   RO           33    i.pm_evt_handler    main.o
    0x00023974   0x00023974   0x00000080   Code   RO         2244    i.pm_gcm_evt_handler  peer_manager.o
    0x000239f4   0x000239f4   0x00000050   Code   RO         2247    i.pm_im_evt_handler  peer_manager.o
    0x00023a44   0x00023a44   0x00000070   Code   RO         2248    i.pm_init           peer_manager.o
    0x00023ab4   0x00023ab4   0x00000014   Code   RO         2250    i.pm_local_database_has_changed  peer_manager.o
    0x00023ac8   0x00023ac8   0x00000010   Code   RO         2540    i.pm_mutex_init     pm_mutex.o
    0x00023ad8   0x00023ad8   0x0000001c   Code   RO         2541    i.pm_mutex_lock     pm_mutex.o
    0x00023af4   0x00023af4   0x00000034   Code   RO         2542    i.pm_mutex_lock_first_available  pm_mutex.o
    0x00023b28   0x00023b28   0x00000018   Code   RO         2543    i.pm_mutex_lock_status_get  pm_mutex.o
    0x00023b40   0x00023b40   0x00000036   Code   RO         2544    i.pm_mutex_unlock   pm_mutex.o
    0x00023b76   0x00023b76   0x00000002   PAD
    0x00023b78   0x00023b78   0x00000024   Code   RO         2252    i.pm_on_ble_evt     peer_manager.o
    0x00023b9c   0x00023b9c   0x0000013c   Code   RO         2253    i.pm_pdb_evt_handler  peer_manager.o
    0x00023cd8   0x00023cd8   0x00000018   Code   RO         2264    i.pm_peer_delete    peer_manager.o
    0x00023cf0   0x00023cf0   0x0000003c   Code   RO         2269    i.pm_peers_delete   peer_manager.o
    0x00023d2c   0x00023d2c   0x00000030   Code   RO         2272    i.pm_register       peer_manager.o
    0x00023d5c   0x00023d5c   0x00000018   Code   RO         2274    i.pm_sec_params_set  peer_manager.o
    0x00023d74   0x00023d74   0x0000014c   Code   RO         2275    i.pm_sm_evt_handler  peer_manager.o
    0x00023ec0   0x00023ec0   0x00000036   Code   RO         2860    i.pnp_id_encode     ble_dis.o
    0x00023ef6   0x00023ef6   0x00000018   Code   RO         4937    i.pwm_channel_ppi_disable  app_pwm.o
    0x00023f0e   0x00023f0e   0x00000080   Code   RO         4938    i.pwm_dealloc       app_pwm.o
    0x00023f8e   0x00023f8e   0x00000014   Code   RO         4939    i.pwm_ppi_disable   app_pwm.o
    0x00023fa2   0x00023fa2   0x00000002   Code   RO           34    i.pwm_ready_callback  main.o
    0x00023fa4   0x00023fa4   0x00000058   Code   RO         4940    i.pwm_ready_tick    app_pwm.o
    0x00023ffc   0x00023ffc   0x00000074   Code   RO         4941    i.pwm_transition_0or100_to_0or100  app_pwm.o
    0x00024070   0x00024070   0x00000114   Code   RO         4942    i.pwm_transition_0or100_to_n  app_pwm.o
    0x00024184   0x00024184   0x0000010c   Code   RO         4943    i.pwm_transition_n_to_0or100  app_pwm.o
    0x00024290   0x00024290   0x000000d8   Code   RO         4944    i.pwm_transition_n_to_m  app_pwm.o
    0x00024368   0x00024368   0x0000002c   Code   RO         4624    i.queue_advance     fstorage.o
    0x00024394   0x00024394   0x00000038   Code   RO         4625    i.queue_get_next_free  fstorage.o
    0x000243cc   0x000243cc   0x000000b8   Code   RO         4353    i.queue_process     fds.o
    0x00024484   0x00024484   0x0000006c   Code   RO         4626    i.queue_process     fstorage.o
    0x000244f0   0x000244f0   0x0000001c   Code   RO         4354    i.queue_start       fds.o
    0x0002450c   0x0002450c   0x0000001c   Code   RO         4627    i.queue_start       fstorage.o
    0x00024528   0x00024528   0x00000010   Code   RO         5449    i.ram_end_address_get  softdevice_handler.o
    0x00024538   0x00024538   0x00000084   Code   RO         4355    i.record_find       fds.o
    0x000245bc   0x000245bc   0x000000a0   Code   RO         4356    i.record_find_by_desc  fds.o
    0x0002465c   0x0002465c   0x00000054   Code   RO         4357    i.record_find_next  fds.o
    0x000246b0   0x000246b0   0x00000038   Code   RO         4358    i.record_header_flag_dirty  fds.o
    0x000246e8   0x000246e8   0x0000000a   Code   RO         1860    i.record_key_to_peer_data_id  peer_data_storage.o
    0x000246f2   0x000246f2   0x00000002   PAD
    0x000246f4   0x000246f4   0x00000018   Code   RO         1861    i.record_key_within_pm_range  peer_data_storage.o
    0x0002470c   0x0002470c   0x0000005c   Code   RO         4359    i.record_write_chunk  fds.o
    0x00024768   0x00024768   0x00000012   Code   RO         2163    i.release           peer_id.o
    0x0002477a   0x0002477a   0x00000002   PAD
    0x0002477c   0x0002477c   0x00000044   Code   RO         4115    i.rtc1_stop         app_timer.o
    0x000247c0   0x000247c0   0x0000009c   Code   RO         2995    i.rx_char_add       ble_dfu.o
    0x0002485c   0x0002485c   0x00000084   Code   RO         5451    i.sd_nvic_EnableIRQ  softdevice_handler.o
    0x000248e0   0x000248e0   0x00000046   Code   RO         4772    i.sdk_mapped_flags_bulk_update_by_key  sdk_mapped_flags.o
    0x00024926   0x00024926   0x00000002   PAD
    0x00024928   0x00024928   0x00000028   Code   RO         4773    i.sdk_mapped_flags_first_key_index_get  sdk_mapped_flags.o
    0x00024950   0x00024950   0x00000010   Code   RO         4774    i.sdk_mapped_flags_get_by_index  sdk_mapped_flags.o
    0x00024960   0x00024960   0x00000026   Code   RO         4775    i.sdk_mapped_flags_get_by_key  sdk_mapped_flags.o
    0x00024986   0x00024986   0x00000046   Code   RO         4776    i.sdk_mapped_flags_key_list_get  sdk_mapped_flags.o
    0x000249cc   0x000249cc   0x0000000e   Code   RO         4778    i.sdk_mapped_flags_update_by_key  sdk_mapped_flags.o
    0x000249da   0x000249da   0x00000002   PAD
    0x000249dc   0x000249dc   0x000000b4   Code   RO         2597    i.sec_info_request_process  security_dispatcher.o
    0x00024a90   0x00024a90   0x00000076   Code   RO         2706    i.sec_params_verify  security_manager.o
    0x00024b06   0x00024b06   0x00000002   PAD
    0x00024b08   0x00024b08   0x0000004c   Code   RO         2598    i.sec_proc_start    security_dispatcher.o
    0x00024b54   0x00024b54   0x0000001c   Code   RO         2599    i.sec_start_send    security_dispatcher.o
    0x00024b70   0x00024b70   0x00000048   Code   RO         4628    i.send_event        fstorage.o
    0x00024bb8   0x00024bb8   0x0000001c   Code   RO           35    i.sensor_contact_detected_timeout_handler  main.o
    0x00024bd4   0x00024bd4   0x0000002c   Code   RO         5091    i.serial_tx         nrf_log_backend_serial.o
    0x00024c00   0x00024c00   0x00000058   Code   RO         1400    i.service_changed_pending_flags_check  gatt_cache_manager.o
    0x00024c58   0x00024c58   0x00000044   Code   RO         1502    i.service_changed_pending_set  gatts_cache_manager.o
    0x00024c9c   0x00024c9c   0x00000098   Code   RO         1401    i.service_changed_send_in_evt  gatt_cache_manager.o
    0x00024d34   0x00024d34   0x0000008e   Code   RO          986    i.service_data_encode  ble_advdata.o
    0x00024dc2   0x00024dc2   0x00000002   PAD
    0x00024dc4   0x00024dc4   0x00000154   Code   RO           36    i.services_init     main.o
    0x00024f18   0x00024f18   0x00000058   Code   RO         1064    i.set_adv_mode_fast  ble_advertising.o
    0x00024f70   0x00024f70   0x00000054   Code   RO         1065    i.set_adv_mode_slow  ble_advertising.o
    0x00024fc4   0x00024fc4   0x0000002c   Code   RO           37    i.sleep_mode_enter  main.o
    0x00024ff0   0x00024ff0   0x00000014   Code   RO         2707    i.sm_ble_evt_handler  security_manager.o
    0x00025004   0x00025004   0x0000001c   Code   RO         2708    i.sm_conn_sec_config_reply  security_manager.o
    0x00025020   0x00025020   0x00000050   Code   RO         2709    i.sm_init           security_manager.o
    0x00025070   0x00025070   0x00000034   Code   RO         2712    i.sm_pdb_evt_handler  security_manager.o
    0x000250a4   0x000250a4   0x00000030   Code   RO         2714    i.sm_sec_params_set  security_manager.o
    0x000250d4   0x000250d4   0x0000007c   Code   RO         2715    i.sm_smd_evt_handler  security_manager.o
    0x00025150   0x00025150   0x000000e4   Code   RO         2600    i.smd_ble_evt_handler  security_dispatcher.o
    0x00025234   0x00025234   0x0000003c   Code   RO         2601    i.smd_init          security_dispatcher.o
    0x00025270   0x00025270   0x00000030   Code   RO         2602    i.smd_link_secure   security_dispatcher.o
    0x000252a0   0x000252a0   0x00000110   Code   RO         2603    i.smd_params_reply  security_dispatcher.o
    0x000253b0   0x000253b0   0x00000088   Code   RO         2716    i.smd_params_reply_perform  security_manager.o
    0x00025438   0x00025438   0x00000034   Code   RO         2604    i.smd_pdb_evt_handler  security_dispatcher.o
    0x0002546c   0x0002546c   0x00000014   Code   RO         5452    i.softdevice_ble_evt_handler_set  softdevice_handler.o
    0x00025480   0x00025480   0x000000a4   Code   RO         5453    i.softdevice_enable  softdevice_handler.o
    0x00025524   0x00025524   0x00000028   Code   RO         5454    i.softdevice_enable_get_default_config  softdevice_handler.o
    0x0002554c   0x0002554c   0x00000008   Code   RO         5455    i.softdevice_fault_handler  softdevice_handler.o
    0x00025554   0x00025554   0x00000058   Code   RO         5456    i.softdevice_handler_init  softdevice_handler.o
    0x000255ac   0x000255ac   0x0000000c   Code   RO         5457    i.softdevice_handler_is_enabled  softdevice_handler.o
    0x000255b8   0x000255b8   0x00000014   Code   RO         5462    i.softdevice_sys_evt_handler_set  softdevice_handler.o
    0x000255cc   0x000255cc   0x00000058   Code   RO           38    i.spi_flash_init    main.o
    0x00025624   0x00025624   0x00000068   Code   RO         3811    i.spi_xfer          nrf_drv_spi.o
    0x0002568c   0x0002568c   0x00000010   Code   RO           39    i.sys_evt_dispatch  main.o
    0x0002569c   0x0002569c   0x0000004e   Code   RO         2861    i.sys_id_encode     ble_dis.o
    0x000256ea   0x000256ea   0x00000002   PAD
    0x000256ec   0x000256ec   0x00000084   Code   RO         4116    i.timer_list_handler  app_timer.o
    0x00025770   0x00025770   0x00000010   Code   RO         4117    i.timer_list_handler_sched  app_timer.o
    0x00025780   0x00025780   0x00000040   Code   RO         4118    i.timer_list_insert  app_timer.o
    0x000257c0   0x000257c0   0x00000048   Code   RO         4119    i.timer_stop_op_schedule  app_timer.o
    0x00025808   0x00025808   0x00000080   Code   RO         4120    i.timer_timeouts_check  app_timer.o
    0x00025888   0x00025888   0x00000098   Code   RO           40    i.timers_init       main.o
    0x00025920   0x00025920   0x00000034   Code   RO         5092    i.timestamp_process  nrf_log_backend_serial.o
    0x00025954   0x00025954   0x00000050   Code   RO         3812    i.transfer_byte     nrf_drv_spi.o
    0x000259a4   0x000259a4   0x00000080   Code   RO         3480    i.twi_master_clear_bus  twi_hw_master.o
    0x00025a24   0x00025a24   0x00000054   Code   RO         3481    i.twi_master_init   twi_hw_master.o
    0x00025a78   0x00025a78   0x000000c8   Code   RO         3482    i.twi_master_read   twi_hw_master.o
    0x00025b40   0x00025b40   0x00000040   Code   RO         3483    i.twi_master_transfer  twi_hw_master.o
    0x00025b80   0x00025b80   0x000000a0   Code   RO         3484    i.twi_master_write  twi_hw_master.o
    0x00025c20   0x00025c20   0x0000000a   Code   RO          987    i.uint16_encode     ble_advdata.o
    0x00025c2a   0x00025c2a   0x00000002   PAD
    0x00025c2c   0x00025c2c   0x00000064   Code   RO         1146    i.update_timeout_handler  ble_conn_params.o
    0x00025c90   0x00025c90   0x00000018   Code   RO         1223    i.user_flag_is_acquired  ble_conn_state.o
    0x00025ca8   0x00025ca8   0x0000002c   Code   RO         4121    i.user_op_alloc     app_timer.o
    0x00025cd4   0x00025cd4   0x00000030   Code   RO          988    i.uuid_list_encode  ble_advdata.o
    0x00025d04   0x00025d04   0x000000ae   Code   RO          989    i.uuid_list_sized_encode  ble_advdata.o
    0x00025db2   0x00025db2   0x00000002   PAD
    0x00025db4   0x00025db4   0x00000018   Code   RO         5816    i.w25x40_Init       w25x40.o
    0x00025dcc   0x00025dcc   0x0000003c   Code   RO         5818    i.w25x40_ReadId     w25x40.o
    0x00025e08   0x00025e08   0x00000054   Code   RO         5938    i.wait_for_queue    nrf_dfu_settings.o
    0x00025e5c   0x00025e5c   0x00000018   Code   RO         1066    i.whitelist_has_entries  ble_advertising.o
    0x00025e74   0x00025e74   0x00000024   Code   RO         2010    i.write_buf_length_words_set  peer_database.o
    0x00025e98   0x00025e98   0x00000024   Code   RO         2011    i.write_buffer_record_find  peer_database.o
    0x00025ebc   0x00025ebc   0x00000028   Code   RO         2012    i.write_buffer_record_find_next  peer_database.o
    0x00025ee4   0x00025ee4   0x00000022   Code   RO         2013    i.write_buffer_record_invalidate  peer_database.o
    0x00025f06   0x00025f06   0x00000002   PAD
    0x00025f08   0x00025f08   0x00000028   Code   RO         2014    i.write_buffer_record_release  peer_database.o
    0x00025f30   0x00025f30   0x00000118   Code   RO         4360    i.write_enqueue     fds.o
    0x00026048   0x00026048   0x000000f4   Code   RO         4361    i.write_execute     fds.o
    0x0002613c   0x0002613c   0x00000014   Code   RO         4362    i.write_space_free  fds.o
    0x00026150   0x00026150   0x0000004c   Code   RO         4363    i.write_space_reserve  fds.o
    0x0002619c   0x0002619c   0x00000008   Data   RO           48    .constdata          main.o
    0x000261a4   0x000261a4   0x00000054   Data   RO           49    .constdata          main.o
    0x000261f8   0x000261f8   0x0000000a   Data   RO          640    .constdata          boards.o
    0x00026202   0x00026202   0x00000002   PAD
    0x00026204   0x00026204   0x0000002c   Data   RO          810    .constdata          bsp.o
    0x00026230   0x00026230   0x00000004   Data   RO         1149    .constdata          ble_conn_params.o
    0x00026234   0x00026234   0x00000004   Data   RO         1503    .constdata          gatts_cache_manager.o
    0x00026238   0x00026238   0x00000010   Data   RO         1504    .constdata          gatts_cache_manager.o
    0x00026248   0x00026248   0x00000004   Data   RO         1505    .constdata          gatts_cache_manager.o
    0x0002624c   0x0002624c   0x00000008   Data   RO         1602    .constdata          id_manager.o
    0x00026254   0x00026254   0x00000004   Data   RO         1862    .constdata          peer_data_storage.o
    0x00026258   0x00026258   0x00000014   Data   RO         2016    .constdata          peer_database.o
    0x0002626c   0x0002626c   0x00000044   Data   RO         2606    .constdata          security_dispatcher.o
    0x000262b0   0x000262b0   0x00000004   Data   RO         2717    .constdata          security_manager.o
    0x000262b4   0x000262b4   0x00000010   Data   RO         2996    .constdata          ble_dfu.o
    0x000262c4   0x000262c4   0x00000004   Data   RO         3286    .constdata          nrf_drv_gpiote.o
    0x000262c8   0x000262c8   0x00000008   Data   RO         3990    .constdata          app_button.o
    0x000262d0   0x000262d0   0x00000014   Data   RO         4365    .constdata          fds.o
    0x000262e4   0x000262e4   0x0000000c   Data   RO         4946    .constdata          app_pwm.o
    0x000262f0   0x000262f0   0x00000024   Data   RO         5189    .constdata          nrf_log_frontend.o
    0x00026314   0x00026314   0x00000100   Data   RO         5709    .constdata          sdp3x.o
    0x00026414   0x00026414   0x00000081   Data   RO         6097    .constdata          mc_p.l(ctype_o.o)
    0x00026495   0x00026495   0x00000003   PAD
    0x00026498   0x00026498   0x00000004   Data   RO         6098    .constdata          mc_p.l(ctype_o.o)
    0x0002649c   0x0002649c   0x00000048   Data   RO           50    .conststring        main.o
    0x000264e4   0x000264e4   0x0000000b   Data   RO         5190    .conststring        nrf_log_frontend.o
    0x000264ef   0x000264ef   0x00000001   PAD
    0x000264f0   0x000264f0   0x00000042   Data   RO         5463    .conststring        softdevice_handler.o
    0x00026532   0x00026532   0x00000002   PAD
    0x00026534   0x00026534   0x00000045   Data   RO         5941    .conststring        nrf_dfu_settings.o
    0x00026579   0x00026579   0x00000003   PAD
    0x0002657c   0x0002657c   0x00000020   Data   RO         6463    Region$$Table       anon$$obj.o


    Execution Region RW_IRAM1 (Exec base: 0x20001fe8, Load base: 0x0002659c, Size: 0x00001f30, Max: 0x00002000, ABSOLUTE, COMPRESSED[0x00000064])

    Exec Addr    Load Addr    Size         Type   Attr      Idx    E Section Name        Object

    0x20001fe8   COMPRESSED   0x00000044   Data   RW           51    .data               main.o
    0x2000202c   COMPRESSED   0x0000000c   Data   RW          556    .data               m_batt_meas.o
    0x20002038   COMPRESSED   0x00000014   Data   RW          811    .data               bsp.o
    0x2000204c   COMPRESSED   0x00000008   Data   RW          904    .data               bsp_btn_ble.o
    0x20002054   COMPRESSED   0x00000030   Data   RW         1070    .data               ble_advertising.o
    0x20002084   COMPRESSED   0x00000014   Data   RW         1150    .data               ble_conn_params.o
    0x20002098   COMPRESSED   0x0000000c   Data   RW         1402    .data               gatt_cache_manager.o
    0x200020a4   COMPRESSED   0x0000000c   Data   RW         1506    .data               gatts_cache_manager.o
    0x200020b0   COMPRESSED   0x0000000a   Data   RW         1603    .data               id_manager.o
    0x200020ba   COMPRESSED   0x00000002   PAD
    0x200020bc   COMPRESSED   0x0000000c   Data   RW         1863    .data               peer_data_storage.o
    0x200020c8   COMPRESSED   0x00000008   Data   RW         2017    .data               peer_database.o
    0x200020d0   COMPRESSED   0x00000010   Data   RW         2280    .data               peer_manager.o
    0x200020e0   COMPRESSED   0x00000004   Data   RW         2607    .data               security_dispatcher.o
    0x200020e4   COMPRESSED   0x00000015   Data   RW         2718    .data               security_manager.o
    0x200020f9   COMPRESSED   0x00000001   PAD
    0x200020fa   COMPRESSED   0x0000004a   Data   RW         2862    .data               ble_dis.o
    0x20002144   COMPRESSED   0x00000004   Data   RW         2997    .data               ble_dfu.o
    0x20002148   COMPRESSED   0x00000008   Data   RW         3688    .data               nrf_drv_ppi.o
    0x20002150   COMPRESSED   0x00000008   Data   RW         3897    .data               nrf_drv_rtc.o
    0x20002158   COMPRESSED   0x00000014   Data   RW         3991    .data               app_button.o
    0x2000216c   COMPRESSED   0x00000020   Data   RW         4122    .data               app_timer.o
    0x2000218c   COMPRESSED   0x0000000c   Data   RW         4246    .data               app_util_platform.o
    0x20002198   COMPRESSED   0x00000018   Data   RW         4366    .data               fds.o
    0x200021b0   COMPRESSED   0x00000002   Data   RW         4630    .data               fstorage.o
    0x200021b2   COMPRESSED   0x00000002   PAD
    0x200021b4   COMPRESSED   0x00000010   Data   RW         4854    .data               app_scheduler.o
    0x200021c4   COMPRESSED   0x00000009   Data   RW         4947    .data               app_pwm.o
    0x200021cd   COMPRESSED   0x00000002   Data   RW         5094    .data               nrf_log_backend_serial.o
    0x200021cf   COMPRESSED   0x00000001   PAD
    0x200021d0   COMPRESSED   0x00000004   Data   RW         5191    .data               nrf_log_frontend.o
    0x200021d4   COMPRESSED   0x00000014   Data   RW         5464    .data               softdevice_handler.o
    0x200021e8   COMPRESSED   0x00000002   Data   RW         5710    .data               sdp3x.o
    0x200021ea   COMPRESSED   0x00000001   Data   RW         5769    .data               bma2x2.o
    0x200021eb   COMPRESSED   0x00000001   PAD
    0x200021ec   COMPRESSED   0x00000008   Data   RW         5942    .data               nrf_dfu_settings.o
    0x200021f4   COMPRESSED   0x00000004   Data   RW         5998    .data               nrf_dfu_flash_greenlung.o
    0x200021f8   COMPRESSED   0x00000004   Data   RW         6057    .data               system_nrf51.o
    0x200021fc   COMPRESSED   0x00000010   Data   RW         4367    fs_data             fds.o
    0x2000220c   COMPRESSED   0x00000010   Data   RW         5999    fs_data             nrf_dfu_flash_greenlung.o
    0x2000221c        -       0x00000020   Zero   RW           41    .bss                main.o
    0x2000223c        -       0x00000020   Zero   RW           42    .bss                main.o
    0x2000225c        -       0x00000020   Zero   RW           43    .bss                main.o
    0x2000227c        -       0x00000020   Zero   RW           44    .bss                main.o
    0x2000229c        -       0x00000020   Zero   RW           45    .bss                main.o
    0x200022bc        -       0x000001d8   Zero   RW           46    .bss                main.o
    0x20002494        -       0x00000024   Zero   RW           47    .bss                main.o
    0x200024b8        -       0x00000020   Zero   RW          806    .bss                bsp.o
    0x200024d8        -       0x00000020   Zero   RW          807    .bss                bsp.o
    0x200024f8        -       0x0000000c   Zero   RW          808    .bss                bsp.o
    0x20002504        -       0x00000020   Zero   RW          809    .bss                bsp.o
    0x20002524        -       0x0000016b   Zero   RW         1067    .bss                ble_advertising.o
    0x2000268f   COMPRESSED   0x00000001   PAD
    0x20002690        -       0x00000020   Zero   RW         1068    .bss                ble_advertising.o
    0x200026b0        -       0x00000020   Zero   RW         1069    .bss                ble_advertising.o
    0x200026d0        -       0x00000020   Zero   RW         1147    .bss                ble_conn_params.o
    0x200026f0        -       0x0000001c   Zero   RW         1148    .bss                ble_conn_params.o
    0x2000270c        -       0x00000034   Zero   RW         1224    .bss                ble_conn_state.o
    0x20002740        -       0x00000070   Zero   RW         1601    .bss                id_manager.o
    0x200027b0        -       0x00000330   Zero   RW         2015    .bss                peer_database.o
    0x20002ae0        -       0x00000040   Zero   RW         2164    .bss                peer_id.o
    0x20002b20        -       0x0000000c   Zero   RW         2278    .bss                peer_manager.o
    0x20002b2c        -       0x00000040   Zero   RW         2605    .bss                security_dispatcher.o
    0x20002b6c        -       0x00000014   Zero   RW         3075    .bss                nrf_drv_clock.o
    0x20002b80        -       0x00000048   Zero   RW         3285    .bss                nrf_drv_gpiote.o
    0x20002bc8        -       0x00000018   Zero   RW         3547    .bss                nrf_drv_timer.o
    0x20002be0        -       0x00000020   Zero   RW         3813    .bss                nrf_drv_spi.o
    0x20002c00        -       0x00000020   Zero   RW         3989    .bss                app_button.o
    0x20002c20        -       0x0000011c   Zero   RW         4364    .bss                fds.o
    0x20002d3c        -       0x00000068   Zero   RW         4629    .bss                fstorage.o
    0x20002da4        -       0x00000018   Zero   RW         4945    .bss                app_pwm.o
    0x20002dbc        -       0x00000418   Zero   RW         5188    .bss                nrf_log_frontend.o
    0x200031d4        -       0x00000288   Zero   RW         5318    .bss                segger_rtt.o
    0x2000345c        -       0x000002b8   Zero   RW         5940    .bss                nrf_dfu_settings.o
    0x20003714   COMPRESSED   0x00000004   PAD
    0x20003718        -       0x00000800   Zero   RW         6045    STACK               arm_startup_nrf51.o



  Load Region LR$$.ARM.__AT_0x0003FC00 (Base: 0x0003fc00, Size: 0x00000000, Max: 0x00000400, ABSOLUTE)

    Execution Region ER$$.ARM.__AT_0x0003FC00 (Exec base: 0x0003fc00, Load base: 0x0003fc00, Size: 0x00000400, Max: 0x00000400, ABSOLUTE, UNINIT)

    Exec Addr    Load Addr    Size         Type   Attr      Idx    E Section Name        Object

    0x0003fc00        -       0x00000400   Zero   RW         5939    .ARM.__AT_0x0003FC00  nrf_dfu_settings.o


==============================================================================

Image component sizes


      Code (inc. data)   RO Data    RW Data    ZI Data      Debug   Object Name

       328         34          8         20         32       8230   app_button.o
        24          4          0          0          0       2041   app_error.o
        72         32          0          0          0        634   app_error_weak.o
      2368        140         12          9         24      35191   app_pwm.o
        60          4          0         16          0       2184   app_scheduler.o
      1640        162          0         32          0      41220   app_timer.o
       104         20          0         12          0       5946   app_util_platform.o
        56         18        192          0       2048        656   arm_startup_nrf51.o
      1368          6          0          0          0      29516   ble_advdata.o
      1108         78          0         48        427       9657   ble_advertising.o
       596         20          0          0          0       4395   ble_bas.o
       460         60          4         20         60       4916   ble_conn_params.o
       532         52          0          0         52       8461   ble_conn_state.o
       716         76         16          4          0      14555   ble_dfu.o
       604         16          0         74          0       4947   ble_dis.o
       742         30          0          0          0       8910   ble_hrs.o
        44          0          0          0          0       2450   ble_srv_common.o
       268         58          0          1          0       4158   bma2x2.o
       444         74         10          0          0      14411   boards.o
       926         86         44         20        108      12783   bsp.o
       278         12          0          8          0       8445   bsp_btn_ble.o
        60          4          0          0          0       1296   crc32.o
      3630        378         20         40        284      40550   fds.o
      1000         86          0          2        104      11894   fstorage.o
      1044         80          0         12          0      14084   gatt_cache_manager.o
       536         66         24         12          0       8179   gatts_cache_manager.o
        96         20          0          0          0       1416   hal_adc.o
      1174         92          8         10        112      18041   id_manager.o
       140         20          0         12          0       2200   m_batt_meas.o
      4936       1652        164         68        668     174105   main.o
         6          0          0          0          0       1654   nrf_ble_gatt.o
       452        224          0         20          0       3537   nrf_dfu_flash_greenlung.o
       756        420         69          8       1720       4961   nrf_dfu_settings.o
       276         38          0          0         20      10824   nrf_drv_clock.o
        96         18          0          0          0       8840   nrf_drv_common.o
      1536        154          4          0         72      29540   nrf_drv_gpiote.o
       874         74          0          8          0      18609   nrf_drv_ppi.o
       176         12          0          8          0       7670   nrf_drv_rtc.o
       724         34          0          0         32      14472   nrf_drv_spi.o
       556         44          0          0         24      25627   nrf_drv_timer.o
       698         32          0          2          0       8635   nrf_log_backend_serial.o
       950         76         47          4       1048      11954   nrf_log_frontend.o
      1206         64          4         12          0      16492   peer_data_storage.o
      1358         72         20          8        816      21095   peer_database.o
       370         60          0          0         64       7667   peer_id.o
      1228        112          0         16         12      11660   peer_manager.o
       248          0          0          0          0       3839   pm_buffer.o
       224          0          0          0          0       4537   pm_mutex.o
       248          6          0          0          0       5488   sdk_mapped_flags.o
       572        102        256          2          0       6344   sdp3x.o
      1836        104         68          4         64      18432   security_dispatcher.o
      1086         82          4         21          0      14696   security_manager.o
       398         44          0          0        648       7633   segger_rtt.o
       688        166         66         20          0      21328   softdevice_handler.o
       232         36          0          4          0       2127   system_nrf51.o
       684        100          0          0          0       6104   twi_hw_master.o
       100         16          0          0          0       4846   w25x40.o

    ----------------------------------------------------------------------
     43008       5470       1080        564       8444     794082   Object Totals
         0          0         32          0          0          0   (incl. Generated)
        76          0          8          7          5          0   (incl. Padding)

    ----------------------------------------------------------------------

      Code (inc. data)   RO Data    RW Data    ZI Data      Debug   Library Member Name

        86          0          0          0          0          0   __dczerorl2.o
         8          4        133          0          0         60   ctype_o.o
         0          0          0          0          0          0   entry.o
         0          0          0          0          0          0   entry10a.o
         0          0          0          0          0          0   entry11a.o
         8          4          0          0          0          0   entry2.o
         4          0          0          0          0          0   entry5.o
         0          0          0          0          0          0   entry7b.o
         0          0          0          0          0          0   entry8b.o
         8          4          0          0          0          0   entry9a.o
        30          0          0          0          0          0   handlers.o
        36          8          0          0          0         68   init.o
         0          0          0          0          0          0   iusefp.o
        32          0          0          0          0         68   llshl.o
        34          0          0          0          0         68   llushr.o
        26          0          0          0          0         72   memcmp.o
        64          0          0          0          0         68   memmovea.o
        36          0          0          0          0        100   memseta.o
      1214         50          0          0          0        384   printf8.o
        18          0          0          0          0         60   strcpy.o
        14          0          0          0          0         60   strlen.o
        44          0          0          0          0         72   uidiv.o
        96          0          0          0          0         84   uldiv.o
       178          0          0          0          0        108   fadd.o
       130          0          0          0          0        144   fepilogue.o
        40          0          0          0          0         60   ffixui.o
        14          0          0          0          0         68   ffltui.o
       122          0          0          0          0         72   fmul.o
        24          0          0          0          0         60   fscalb.o

    ----------------------------------------------------------------------
      2268         70        136          0          0       1676   Library Totals
         2          0          3          0          0          0   (incl. Padding)

    ----------------------------------------------------------------------

      Code (inc. data)   RO Data    RW Data    ZI Data      Debug   Library Name

      1758         70        133          0          0       1164   mc_p.l
       508          0          0          0          0        512   mf_p.l

    ----------------------------------------------------------------------
      2268         70        136          0          0       1676   Library Totals

    ----------------------------------------------------------------------

==============================================================================


      Code (inc. data)   RO Data    RW Data    ZI Data      Debug   

     45276       5540       1216        564       8444     771430   Grand Totals
     45276       5540       1216        100       8444     771430   ELF Image Totals (compressed)
     45276       5540       1216        100          0          0   ROM Totals

==============================================================================

    Total RO  Size (Code + RO Data)                46492 (  45.40kB)
    Total RW  Size (RW Data + ZI Data)              9008 (   8.80kB)
    Total ROM Size (Code + RO Data + RW Data)      46592 (  45.50kB)

==============================================================================

